Archive member included because of file (symbol)

c:/program files (x86)/microchip/xc32/v1.32/bin/bin/../../lib/gcc/pic32mx/4.5.2/../../../../pic32mx/lib\libmchp_peripheral_32MX370F512H.a(pcache.o)
                              build/default/production/_ext/1472/rotatevideo_lcd.o (CheKseg0CacheOn)
c:/program files (x86)/microchip/xc32/v1.32/bin/bin/../../lib/gcc/pic32mx/4.5.2/../../../../pic32mx/lib\libmchp_peripheral_32MX370F512H.a(int_disable_interrupts_lib.o)
                              build/default/production/_ext/1472/rotatevideo_lcd.o (INTDisableInterrupts)
c:/program files (x86)/microchip/xc32/v1.32/bin/bin/../../lib/gcc/pic32mx/4.5.2/../../../../pic32mx/lib\libmchp_peripheral_32MX370F512H.a(int_restore_interrupts_lib.o)
                              build/default/production/_ext/1472/rotatevideo_lcd.o (INTRestoreInterrupts)
c:/program files (x86)/microchip/xc32/v1.32/bin/bin/../../lib/gcc/pic32mx/4.5.2/../../../../pic32mx/lib\libmchp_peripheral_32MX370F512H.a(int_enable_mv_int_lib.o)
                              build/default/production/_ext/1472/rotatevideo_lcd.o (INTEnableSystemMultiVectoredInt)
c:/program files (x86)/microchip/xc32/v1.32/bin/bin/../../lib/gcc/pic32mx/4.5.2/../../../../pic32mx/lib\libmchp_peripheral_32MX370F512H.a(nvm_erase_page_lib.o)
                              build/default/production/_ext/1472/recscore.o (NVMErasePage)
c:/program files (x86)/microchip/xc32/v1.32/bin/bin/../../lib/gcc/pic32mx/4.5.2/../../../../pic32mx/lib\libmchp_peripheral_32MX370F512H.a(nvm_operation_lib.o)
                              c:/program files (x86)/microchip/xc32/v1.32/bin/bin/../../lib/gcc/pic32mx/4.5.2/../../../../pic32mx/lib\libmchp_peripheral_32MX370F512H.a(nvm_erase_page_lib.o) (_NVMOperation)
c:/program files (x86)/microchip/xc32/v1.32/bin/bin/../../lib/gcc/pic32mx/4.5.2/../../../../pic32mx/lib\libmchp_peripheral_32MX370F512H.a(nvm_write_row_lib.o)
                              build/default/production/_ext/1472/recscore.o (NVMWriteRow)
c:/program files (x86)/microchip/xc32/v1.32/bin/bin/../../lib/gcc/pic32mx/4.5.2/../../../../pic32mx/lib\libmchp_peripheral_32MX370F512H.a(int_enable_interrupts_lib.o)
                              c:/program files (x86)/microchip/xc32/v1.32/bin/bin/../../lib/gcc/pic32mx/4.5.2/../../../../pic32mx/lib\libmchp_peripheral_32MX370F512H.a(int_enable_mv_int_lib.o) (INTEnableInterrupts)
c:/program files (x86)/microchip/xc32/v1.32/bin/bin/../../lib/gcc/pic32mx/4.5.2/../../../../pic32mx/lib\libpic32.a(default-bootstrap-exception-handler.o)
                              c:/program files (x86)/microchip/xc32/v1.32/bin/bin/../../lib/gcc/pic32mx/4.5.2/../../../../pic32mx/lib/./proc/32MX370F512H/crt0_mips32r2.o (_bootstrap_exception_handler)
c:/program files (x86)/microchip/xc32/v1.32/bin/bin/../../lib/gcc/pic32mx/4.5.2/../../../../pic32mx/lib\libpic32.a(default-on-reset.o)
                              c:/program files (x86)/microchip/xc32/v1.32/bin/bin/../../lib/gcc/pic32mx/4.5.2/../../../../pic32mx/lib/./proc/32MX370F512H/crt0_mips32r2.o (_on_reset)
c:/program files (x86)/microchip/xc32/v1.32/bin/bin/../../lib/gcc/pic32mx/4.5.2/../../../../pic32mx/lib\libpic32.a(default-on-bootstrap.o)
                              c:/program files (x86)/microchip/xc32/v1.32/bin/bin/../../lib/gcc/pic32mx/4.5.2/../../../../pic32mx/lib/./proc/32MX370F512H/crt0_mips32r2.o (_on_bootstrap)
c:/program files (x86)/microchip/xc32/v1.32/bin/bin/../../lib/gcc/pic32mx/4.5.2/../../../../pic32mx/lib\libpic32.a(default-nmi-handler.o)
                              c:/program files (x86)/microchip/xc32/v1.32/bin/bin/../../lib/gcc/pic32mx/4.5.2/../../../../pic32mx/lib/./proc/32MX370F512H/crt0_mips32r2.o (_nmi_handler)
c:/program files (x86)/microchip/xc32/v1.32/bin/bin/../../lib/gcc/pic32mx/4.5.2/../../../../pic32mx/lib\libpic32.a(general-exception.o)
                              c:/program files (x86)/microchip/xc32/v1.32/bin/bin/../../lib/gcc/pic32mx/4.5.2/../../../../pic32mx/lib/./proc/32MX370F512H/crt0_mips32r2.o (_general_exception_context)
c:/program files (x86)/microchip/xc32/v1.32/bin/bin/../../lib/gcc/pic32mx/4.5.2/../../../../pic32mx/lib\libpic32.a(vector0.o)
                              c:/program files (x86)/microchip/xc32/v1.32/bin/bin/../../lib/gcc/pic32mx/4.5.2/../../../../pic32mx/lib/./proc/32MX370F512H\default_isr_vectors.o (__vector_dispatch_0)
c:/program files (x86)/microchip/xc32/v1.32/bin/bin/../../lib/gcc/pic32mx/4.5.2/../../../../pic32mx/lib\libpic32.a(vector1.o)
                              c:/program files (x86)/microchip/xc32/v1.32/bin/bin/../../lib/gcc/pic32mx/4.5.2/../../../../pic32mx/lib/./proc/32MX370F512H\default_isr_vectors.o (__vector_dispatch_1)
c:/program files (x86)/microchip/xc32/v1.32/bin/bin/../../lib/gcc/pic32mx/4.5.2/../../../../pic32mx/lib\libpic32.a(vector2.o)
[...]
Memory Configuration

Name             Origin             Length             Attributes
kseg0_program_mem 0x9d007490         0x00077b70         xr
kseg0_boot_mem   0x9d007490         0x00000000
exception_mem    0x9d006000         0x00001000
kseg1_boot_mem   0x9d007000         0x00000490
debug_exec_mem   0xbfc02000         0x00000ff0
config3          0xbfc02ff0         0x00000004
config2          0xbfc02ff4         0x00000004
config1          0xbfc02ff8         0x00000004
config0          0xbfc02ffc         0x00000004
kseg1_data_mem   0xa0000000         0x00020000         w !x
sfrs             0xbf800000         0x00100000
configsfrs       0xbfc02ff0         0x00000010
*default*        0x00000000         0xffffffff

Linker script and memory map

LOAD c:/program files (x86)/microchip/xc32/v1.32/bin/bin/../../lib/gcc/pic32mx/4.5.2/../../../../pic32mx/lib/./proc/32MX370F512H/crt0_mips32r2.o
LOAD c:/program files (x86)/microchip/xc32/v1.32/bin/bin/../../lib/gcc/pic32mx/4.5.2/../../../../pic32mx/lib\debug-exception-return.o
LOAD build/default/production/_ext/1472/bmpdata.o
LOAD build/default/production/_ext/1472/graphlib2.o
LOAD build/default/production/_ext/1472/musicdata.o
LOAD build/default/production/_ext/1472/rotatevideo_lcd.o
LOAD build/default/production/_ext/1472/veludda_chars.o
LOAD build/default/production/_ext/1472/veludda_lcd.o
LOAD build/default/production/_ext/1472/LCDdriver.o
LOAD build/default/production/_ext/1472/recscore.o
                0x00000001                __MPLAB_BUILD = 0x1
                0x00000400                PROVIDE (_min_stack_size, 0x400)
LOAD c:/program files (x86)/microchip/xc32/v1.32/bin/bin/../../lib/gcc/pic32mx/4.5.2/../../../../pic32mx/lib/./proc/32MX370F512H\processor.o
START GROUP
LOAD c:/program files (x86)/microchip/xc32/v1.32/bin/bin/../../lib/gcc/pic32mx/4.5.2/../../../../pic32mx/lib\libmchp_peripheral.a
END GROUP
START GROUP
LOAD c:/program files (x86)/microchip/xc32/v1.32/bin/bin/../../lib/gcc/pic32mx/4.5.2/../../../../pic32mx/lib\libmchp_peripheral_32MX370F512H.a
END GROUP
                0x00000001                PROVIDE (_vector_spacing, 0x1)
                0x9d006000                _ebase_address = 0x9d006000
                0x9d007000                _RESET_ADDR = 0x9d007000
                0x9d007380                _BEV_EXCPT_ADDR = 0x9d007380
                0x9d007480                _DBG_EXCPT_ADDR = 0x9d007480
                0xbfc02000                _DBG_CODE_ADDR = 0xbfc02000
                0x00000ff0                _DBG_CODE_SIZE = 0xff0
                0x9d006180                _GEN_EXCPT_ADDR = (_ebase_address + 0x180)

.config_BFC02FF0
                0xbfc02ff0        0x4
 *(.config_BFC02FF0)
 .config_BFC02FF0
                0xbfc02ff0        0x4 build/default/production/_ext/1472/veludda_lcd.o

.config_BFC02FF4
                0xbfc02ff4        0x4
 *(.config_BFC02FF4)
 .config_BFC02FF4
                0xbfc02ff4        0x4 build/default/production/_ext/1472/veludda_lcd.o

.config_BFC02FF8
                0xbfc02ff8        0x4
 *(.config_BFC02FF8)
 .config_BFC02FF8
                0xbfc02ff8        0x4 build/default/production/_ext/1472/veludda_lcd.o

.config_BFC02FFC
                0xbfc02ffc        0x4
 *(.config_BFC02FFC)
 .config_BFC02FFC
                0xbfc02ffc        0x4 build/default/production/_ext/1472/veludda_lcd.o

.reset          0x9d007000      0x1e8
 *(.reset)
 .reset         0x9d007000      0x1e8 c:/program files (x86)/microchip/xc32/v1.32/bin/bin/../../lib/gcc/pic32mx/4.5.2/../../../../pic32mx/lib/./proc/32MX370F512H/crt0_mips32r2.o
                0x9d007000                _reset
 *(.reset.startup)

.bev_excpt      0x9d007380       0x10
 *(.bev_handler)
 .bev_handler   0x9d007380       0x10 c:/program files (x86)/microchip/xc32/v1.32/bin/bin/../../lib/gcc/pic32mx/4.5.2/../../../../pic32mx/lib/./proc/32MX370F512H/crt0_mips32r2.o

.dbg_excpt      0x9d007480        0x0
                0x9d007480                . = (. + DEFINED (_DEBUGGER)?0x8:0x0)

.dbg_code       0xbfc02000        0x0
                0xbfc02000                . = (. + DEFINED (_DEBUGGER)?_DBG_CODE_SIZE:0x0)

.app_excpt      0x9d006180       0x10
 *(.gen_handler)
 .gen_handler   0x9d006180       0x10 c:/program files (x86)/microchip/xc32/v1.32/bin/bin/../../lib/gcc/pic32mx/4.5.2/../../../../pic32mx/lib/./proc/32MX370F512H/crt0_mips32r2.o

.vector_0       0x9d006200        0x8
 *(.vector_0)
 .vector_0      0x9d006200        0x8 c:/program files (x86)/microchip/xc32/v1.32/bin/bin/../../lib/gcc/pic32mx/4.5.2/../../../../pic32mx/lib\libpic32.a(vector0.o)
                0x9d006200                __vector_dispatch_0
                0x00000001                ASSERT (((_vector_spacing == 0x0) || (SIZEOF (.vector_0) <= (_vector_spacing << 0x5))), function at exception vector 0 too large)

.vector_1       0x9d006220        0x8
 *(.vector_1)
 .vector_1      0x9d006220        0x8 c:/program files (x86)/microchip/xc32/v1.32/bin/bin/../../lib/gcc/pic32mx/4.5.2/../../../../pic32mx/lib\libpic32.a(vector1.o)
                0x9d006220                __vector_dispatch_1
                0x00000001                ASSERT (((_vector_spacing == 0x0) || (SIZEOF (.vector_1) <= (_vector_spacing << 0x5))), function at exception vector 1 too large)

.vector_2       0x9d006240        0x8
 *(.vector_2)
 .vector_2      0x9d006240        0x8 c:/program files (x86)/microchip/xc32/v1.32/bin/bin/../../lib/gcc/pic32mx/4.5.2/../../../../pic32mx/lib\libpic32.a(vector2.o)
                0x9d006240                __vector_dispatch_2
                0x00000001                ASSERT (((_vector_spacing == 0x0) || (SIZEOF (.vector_2) <= (_vector_spacing << 0x5))), function at exception vector 2 too large)

.vector_3       0x9d006260        0x8
 *(.vector_3)
 .vector_3      0x9d006260        0x8 c:/program files (x86)/microchip/xc32/v1.32/bin/bin/../../lib/gcc/pic32mx/4.5.2/../../../../pic32mx/lib\libpic32.a(vector3.o)
                0x9d006260                __vector_dispatch_3
                0x00000001                ASSERT (((_vector_spacing == 0x0) || (SIZEOF (.vector_3) <= (_vector_spacing << 0x5))), function at exception vector 3 too large)

.vector_4       0x9d006280        0x8
 *(.vector_4)
 .vector_4      0x9d006280        0x8 c:/program files (x86)/microchip/xc32/v1.32/bin/bin/../../lib/gcc/pic32mx/4.5.2/../../../../pic32mx/lib\libpic32.a(vector4.o)
                0x9d006280                __vector_dispatch_4
                0x00000001                ASSERT (((_vector_spacing == 0x0) || (SIZEOF (.vector_4) <= (_vector_spacing << 0x5))), function at exception vector 4 too large)

.vector_5       0x9d0062a0        0x8
 *(.vector_5)
 .vector_5      0x9d0062a0        0x8 c:/program files (x86)/microchip/xc32/v1.32/bin/bin/../../lib/gcc/pic32mx/4.5.2/../../../../pic32mx/lib\libpic32.a(vector5.o)
                0x9d0062a0                __vector_dispatch_5
                0x00000001                ASSERT (((_vector_spacing == 0x0) || (SIZEOF (.vector_5) <= (_vector_spacing << 0x5))), function at exception vector 5 too large)

.vector_6       0x9d0062c0        0x8
 *(.vector_6)
 .vector_6      0x9d0062c0        0x8 c:/program files (x86)/microchip/xc32/v1.32/bin/bin/../../lib/gcc/pic32mx/4.5.2/../../../../pic32mx/lib\libpic32.a(vector6.o)
                0x9d0062c0                __vector_dispatch_6
                0x00000001                ASSERT (((_vector_spacing == 0x0) || (SIZEOF (.vector_6) <= (_vector_spacing << 0x5))), function at exception vector 6 too large)

.vector_7       0x9d0062e0        0x8
 *(.vector_7)
 .vector_7      0x9d0062e0        0x8 c:/program files (x86)/microchip/xc32/v1.32/bin/bin/../../lib/gcc/pic32mx/4.5.2/../../../../pic32mx/lib\libpic32.a(vector7.o)
                0x9d0062e0                __vector_dispatch_7
                0x00000001                ASSERT (((_vector_spacing == 0x0) || (SIZEOF (.vector_7) <= (_vector_spacing << 0x5))), function at exception vector 7 too large)

.vector_8       0x9d006300        0x8
 *(.vector_8)
 .vector_8      0x9d006300        0x8 build/default/production/_ext/1472/rotatevideo_lcd.o
                0x9d006300                __vector_dispatch_8
                0x00000001                ASSERT (((_vector_spacing == 0x0) || (SIZEOF (.vector_8) <= (_vector_spacing << 0x5))), function at exception vector 8 too large)

.vector_9       0x9d006320        0x8
 *(.vector_9)
 .vector_9      0x9d006320        0x8 c:/program files (x86)/microchip/xc32/v1.32/bin/bin/../../lib/gcc/pic32mx/4.5.2/../../../../pic32mx/lib\libpic32.a(vector9.o)
                0x9d006320                __vector_dispatch_9
                0x00000001                ASSERT (((_vector_spacing == 0x0) || (SIZEOF (.vector_9) <= (_vector_spacing << 0x5))), function at exception vector 9 too large)

.vector_10      0x9d006340        0x8
 *(.vector_10)
 .vector_10     0x9d006340        0x8 c:/program files (x86)/microchip/xc32/v1.32/bin/bin/../../lib/gcc/pic32mx/4.5.2/../../../../pic32mx/lib\libpic32.a(vector10.o)
                0x9d006340                __vector_dispatch_10
                0x00000001                ASSERT (((_vector_spacing == 0x0) || (SIZEOF (.vector_10) <= (_vector_spacing << 0x5))), function at exception vector 10 too large)

.vector_11      0x9d006360        0x8
 *(.vector_11)
 .vector_11     0x9d006360        0x8 c:/program files (x86)/microchip/xc32/v1.32/bin/bin/../../lib/gcc/pic32mx/4.5.2/../../../../pic32mx/lib\libpic32.a(vector11.o)
                0x9d006360                __vector_dispatch_11
                0x00000001                ASSERT (((_vector_spacing == 0x0) || (SIZEOF (.vector_11) <= (_vector_spacing << 0x5))), function at exception vector 11 too large)

.vector_12      0x9d006380        0x8
 *(.vector_12)
 .vector_12     0x9d006380        0x8 c:/program files (x86)/microchip/xc32/v1.32/bin/bin/../../lib/gcc/pic32mx/4.5.2/../../../../pic32mx/lib\libpic32.a(vector12.o)
                0x9d006380                __vector_dispatch_12
                0x00000001                ASSERT (((_vector_spacing == 0x0) || (SIZEOF (.vector_12) <= (_vector_spacing << 0x5))), function at exception vector 12 too large)

.vector_13      0x9d0063a0        0x8
 *(.vector_13)
 .vector_13     0x9d0063a0        0x8 c:/program files (x86)/microchip/xc32/v1.32/bin/bin/../../lib/gcc/pic32mx/4.5.2/../../../../pic32mx/lib\libpic32.a(vector13.o)
                0x9d0063a0                __vector_dispatch_13
                0x00000001                ASSERT (((_vector_spacing == 0x0) || (SIZEOF (.vector_13) <= (_vector_spacing << 0x5))), function at exception vector 13 too large)

.vector_14      0x9d0063c0        0x8
 *(.vector_14)
 .vector_14     0x9d0063c0        0x8 c:/program files (x86)/microchip/xc32/v1.32/bin/bin/../../lib/gcc/pic32mx/4.5.2/../../../../pic32mx/lib\libpic32.a(vector14.o)
                0x9d0063c0                __vector_dispatch_14
                0x00000001                ASSERT (((_vector_spacing == 0x0) || (SIZEOF (.vector_14) <= (_vector_spacing << 0x5))), function at exception vector 14 too large)

.vector_15      0x9d0063e0        0x8
 *(.vector_15)
 .vector_15     0x9d0063e0        0x8 c:/program files (x86)/microchip/xc32/v1.32/bin/bin/../../lib/gcc/pic32mx/4.5.2/../../../../pic32mx/lib\libpic32.a(vector15.o)
                0x9d0063e0                __vector_dispatch_15
                0x00000001                ASSERT (((_vector_spacing == 0x0) || (SIZEOF (.vector_15) <= (_vector_spacing << 0x5))), function at exception vector 15 too large)

.vector_16      0x9d006400        0x8
 *(.vector_16)
 .vector_16     0x9d006400        0x8 c:/program files (x86)/microchip/xc32/v1.32/bin/bin/../../lib/gcc/pic32mx/4.5.2/../../../../pic32mx/lib\libpic32.a(vector16.o)
                0x9d006400                __vector_dispatch_16
                0x00000001                ASSERT (((_vector_spacing == 0x0) || (SIZEOF (.vector_16) <= (_vector_spacing << 0x5))), function at exception vector 16 too large)

.vector_17      0x9d006420        0x8
 *(.vector_17)
 .vector_17     0x9d006420        0x8 c:/program files (x86)/microchip/xc32/v1.32/bin/bin/../../lib/gcc/pic32mx/4.5.2/../../../../pic32mx/lib\libpic32.a(vector17.o)
                0x9d006420                __vector_dispatch_17
                0x00000001                ASSERT (((_vector_spacing == 0x0) || (SIZEOF (.vector_17) <= (_vector_spacing << 0x5))), function at exception vector 17 too large)

.vector_18      0x9d006440        0x8
 *(.vector_18)
 .vector_18     0x9d006440        0x8 c:/program files (x86)/microchip/xc32/v1.32/bin/bin/../../lib/gcc/pic32mx/4.5.2/../../../../pic32mx/lib\libpic32.a(vector18.o)
                0x9d006440                __vector_dispatch_18
                0x00000001                ASSERT (((_vector_spacing == 0x0) || (SIZEOF (.vector_18) <= (_vector_spacing << 0x5))), function at exception vector 18 too large)

.vector_19      0x9d006460        0x8
 *(.vector_19)
 .vector_19     0x9d006460        0x8 c:/program files (x86)/microchip/xc32/v1.32/bin/bin/../../lib/gcc/pic32mx/4.5.2/../../../../pic32mx/lib\libpic32.a(vector19.o)
                0x9d006460                __vector_dispatch_19
                0x00000001                ASSERT (((_vector_spacing == 0x0) || (SIZEOF (.vector_19) <= (_vector_spacing << 0x5))), function at exception vector 19 too large)

.vector_20      0x9d006480        0x8
 *(.vector_20)
 .vector_20     0x9d006480        0x8 c:/program files (x86)/microchip/xc32/v1.32/bin/bin/../../lib/gcc/pic32mx/4.5.2/../../../../pic32mx/lib\libpic32.a(vector20.o)
                0x9d006480                __vector_dispatch_20
                0x00000001                ASSERT (((_vector_spacing == 0x0) || (SIZEOF (.vector_20) <= (_vector_spacing << 0x5))), function at exception vector 20 too large)

.vector_21      0x9d0064a0        0x8
 *(.vector_21)
 .vector_21     0x9d0064a0        0x8 c:/program files (x86)/microchip/xc32/v1.32/bin/bin/../../lib/gcc/pic32mx/4.5.2/../../../../pic32mx/lib\libpic32.a(vector21.o)
                0x9d0064a0                __vector_dispatch_21
                0x00000001                ASSERT (((_vector_spacing == 0x0) || (SIZEOF (.vector_21) <= (_vector_spacing << 0x5))), function at exception vector 21 too large)

.vector_22      0x9d0064c0        0x8
 *(.vector_22)
 .vector_22     0x9d0064c0        0x8 c:/program files (x86)/microchip/xc32/v1.32/bin/bin/../../lib/gcc/pic32mx/4.5.2/../../../../pic32mx/lib\libpic32.a(vector22.o)
                0x9d0064c0                __vector_dispatch_22
                0x00000001                ASSERT (((_vector_spacing == 0x0) || (SIZEOF (.vector_22) <= (_vector_spacing << 0x5))), function at exception vector 22 too large)

.vector_23      0x9d0064e0        0x8
 *(.vector_23)
 .vector_23     0x9d0064e0        0x8 c:/program files (x86)/microchip/xc32/v1.32/bin/bin/../../lib/gcc/pic32mx/4.5.2/../../../../pic32mx/lib\libpic32.a(vector23.o)
                0x9d0064e0                __vector_dispatch_23
                0x00000001                ASSERT (((_vector_spacing == 0x0) || (SIZEOF (.vector_23) <= (_vector_spacing << 0x5))), function at exception vector 23 too large)

.vector_24      0x9d006500        0x8
 *(.vector_24)
 .vector_24     0x9d006500        0x8 c:/program files (x86)/microchip/xc32/v1.32/bin/bin/../../lib/gcc/pic32mx/4.5.2/../../../../pic32mx/lib\libpic32.a(vector24.o)
                0x9d006500                __vector_dispatch_24
                0x00000001                ASSERT (((_vector_spacing == 0x0) || (SIZEOF (.vector_24) <= (_vector_spacing << 0x5))), function at exception vector 24 too large)

.vector_25      0x9d006520        0x8
 *(.vector_25)
 .vector_25     0x9d006520        0x8 c:/program files (x86)/microchip/xc32/v1.32/bin/bin/../../lib/gcc/pic32mx/4.5.2/../../../../pic32mx/lib\libpic32.a(vector25.o)
                0x9d006520                __vector_dispatch_25
                0x00000001                ASSERT (((_vector_spacing == 0x0) || (SIZEOF (.vector_25) <= (_vector_spacing << 0x5))), function at exception vector 25 too large)

.vector_26      0x9d006540        0x8
 *(.vector_26)
 .vector_26     0x9d006540        0x8 c:/program files (x86)/microchip/xc32/v1.32/bin/bin/../../lib/gcc/pic32mx/4.5.2/../../../../pic32mx/lib\libpic32.a(vector26.o)
                0x9d006540                __vector_dispatch_26
                0x00000001                ASSERT (((_vector_spacing == 0x0) || (SIZEOF (.vector_26) <= (_vector_spacing << 0x5))), function at exception vector 26 too large)

.vector_27      0x9d006560        0x8
 *(.vector_27)
 .vector_27     0x9d006560        0x8 c:/program files (x86)/microchip/xc32/v1.32/bin/bin/../../lib/gcc/pic32mx/4.5.2/../../../../pic32mx/lib\libpic32.a(vector27.o)
                0x9d006560                __vector_dispatch_27
                0x00000001                ASSERT (((_vector_spacing == 0x0) || (SIZEOF (.vector_27) <= (_vector_spacing << 0x5))), function at exception vector 27 too large)

.vector_28      0x9d006580        0x8
 *(.vector_28)
 .vector_28     0x9d006580        0x8 c:/program files (x86)/microchip/xc32/v1.32/bin/bin/../../lib/gcc/pic32mx/4.5.2/../../../../pic32mx/lib\libpic32.a(vector28.o)
                0x9d006580                __vector_dispatch_28
                0x00000001                ASSERT (((_vector_spacing == 0x0) || (SIZEOF (.vector_28) <= (_vector_spacing << 0x5))), function at exception vector 28 too large)

.vector_29      0x9d0065a0        0x8
 *(.vector_29)
 .vector_29     0x9d0065a0        0x8 c:/program files (x86)/microchip/xc32/v1.32/bin/bin/../../lib/gcc/pic32mx/4.5.2/../../../../pic32mx/lib\libpic32.a(vector29.o)
                0x9d0065a0                __vector_dispatch_29
                0x00000001                ASSERT (((_vector_spacing == 0x0) || (SIZEOF (.vector_29) <= (_vector_spacing << 0x5))), function at exception vector 29 too large)

.vector_30      0x9d0065c0        0x8
 *(.vector_30)
 .vector_30     0x9d0065c0        0x8 c:/program files (x86)/microchip/xc32/v1.32/bin/bin/../../lib/gcc/pic32mx/4.5.2/../../../../pic32mx/lib\libpic32.a(vector30.o)
                0x9d0065c0                __vector_dispatch_30
                0x00000001                ASSERT (((_vector_spacing == 0x0) || (SIZEOF (.vector_30) <= (_vector_spacing << 0x5))), function at exception vector 30 too large)

.vector_31      0x9d0065e0        0x8
 *(.vector_31)
 .vector_31     0x9d0065e0        0x8 c:/program files (x86)/microchip/xc32/v1.32/bin/bin/../../lib/gcc/pic32mx/4.5.2/../../../../pic32mx/lib\libpic32.a(vector31.o)
                0x9d0065e0                __vector_dispatch_31
                0x00000001                ASSERT (((_vector_spacing == 0x0) || (SIZEOF (.vector_31) <= (_vector_spacing << 0x5))), function at exception vector 31 too large)

.vector_32      0x9d006600        0x8
 *(.vector_32)
 .vector_32     0x9d006600        0x8 c:/program files (x86)/microchip/xc32/v1.32/bin/bin/../../lib/gcc/pic32mx/4.5.2/../../../../pic32mx/lib\libpic32.a(vector32.o)
                0x9d006600                __vector_dispatch_32
                0x00000001                ASSERT (((_vector_spacing == 0x0) || (SIZEOF (.vector_32) <= (_vector_spacing << 0x5))), function at exception vector 32 too large)

.vector_33      0x9d006620        0x8
 *(.vector_33)
 .vector_33     0x9d006620        0x8 c:/program files (x86)/microchip/xc32/v1.32/bin/bin/../../lib/gcc/pic32mx/4.5.2/../../../../pic32mx/lib\libpic32.a(vector33.o)
                0x9d006620                __vector_dispatch_33
                0x00000001                ASSERT (((_vector_spacing == 0x0) || (SIZEOF (.vector_33) <= (_vector_spacing << 0x5))), function at exception vector 33 too large)

.vector_34      0x9d006640        0x8
 *(.vector_34)
 .vector_34     0x9d006640        0x8 c:/program files (x86)/microchip/xc32/v1.32/bin/bin/../../lib/gcc/pic32mx/4.5.2/../../../../pic32mx/lib\libpic32.a(vector34.o)
                0x9d006640                __vector_dispatch_34
                0x00000001                ASSERT (((_vector_spacing == 0x0) || (SIZEOF (.vector_34) <= (_vector_spacing << 0x5))), function at exception vector 34 too large)

.vector_35      0x9d006660        0x8
 *(.vector_35)
 .vector_35     0x9d006660        0x8 c:/program files (x86)/microchip/xc32/v1.32/bin/bin/../../lib/gcc/pic32mx/4.5.2/../../../../pic32mx/lib\libpic32.a(vector35.o)
                0x9d006660                __vector_dispatch_35
                0x00000001                ASSERT (((_vector_spacing == 0x0) || (SIZEOF (.vector_35) <= (_vector_spacing << 0x5))), function at exception vector 35 too large)

.vector_36      0x9d006680        0x8
 *(.vector_36)
 .vector_36     0x9d006680        0x8 c:/program files (x86)/microchip/xc32/v1.32/bin/bin/../../lib/gcc/pic32mx/4.5.2/../../../../pic32mx/lib\libpic32.a(vector36.o)
                0x9d006680                __vector_dispatch_36
                0x00000001                ASSERT (((_vector_spacing == 0x0) || (SIZEOF (.vector_36) <= (_vector_spacing << 0x5))), function at exception vector 36 too large)

.vector_37      0x9d0066a0        0x8
 *(.vector_37)
 .vector_37     0x9d0066a0        0x8 c:/program files (x86)/microchip/xc32/v1.32/bin/bin/../../lib/gcc/pic32mx/4.5.2/../../../../pic32mx/lib\libpic32.a(vector37.o)
                0x9d0066a0                __vector_dispatch_37
                0x00000001                ASSERT (((_vector_spacing == 0x0) || (SIZEOF (.vector_37) <= (_vector_spacing << 0x5))), function at exception vector 37 too large)

.vector_38      0x9d0066c0        0x8
 *(.vector_38)
 .vector_38     0x9d0066c0        0x8 c:/program files (x86)/microchip/xc32/v1.32/bin/bin/../../lib/gcc/pic32mx/4.5.2/../../../../pic32mx/lib\libpic32.a(vector38.o)
                0x9d0066c0                __vector_dispatch_38
                0x00000001                ASSERT (((_vector_spacing == 0x0) || (SIZEOF (.vector_38) <= (_vector_spacing << 0x5))), function at exception vector 38 too large)

.vector_39      0x9d0066e0        0x8
 *(.vector_39)
 .vector_39     0x9d0066e0        0x8 c:/program files (x86)/microchip/xc32/v1.32/bin/bin/../../lib/gcc/pic32mx/4.5.2/../../../../pic32mx/lib\libpic32.a(vector39.o)
                0x9d0066e0                __vector_dispatch_39
                0x00000001                ASSERT (((_vector_spacing == 0x0) || (SIZEOF (.vector_39) <= (_vector_spacing << 0x5))), function at exception vector 39 too large)

.vector_40      0x9d006700        0x8
 *(.vector_40)
 .vector_40     0x9d006700        0x8 c:/program files (x86)/microchip/xc32/v1.32/bin/bin/../../lib/gcc/pic32mx/4.5.2/../../../../pic32mx/lib\libpic32.a(vector40.o)
                0x9d006700                __vector_dispatch_40
                0x00000001                ASSERT (((_vector_spacing == 0x0) || (SIZEOF (.vector_40) <= (_vector_spacing << 0x5))), function at exception vector 40 too large)

.vector_41      0x9d006720        0x8
 *(.vector_41)
 .vector_41     0x9d006720        0x8 c:/program files (x86)/microchip/xc32/v1.32/bin/bin/../../lib/gcc/pic32mx/4.5.2/../../../../pic32mx/lib\libpic32.a(vector41.o)
                0x9d006720                __vector_dispatch_41
                0x00000001                ASSERT (((_vector_spacing == 0x0) || (SIZEOF (.vector_41) <= (_vector_spacing << 0x5))), function at exception vector 41 too large)

.vector_42      0x9d006740        0x8
 *(.vector_42)
 .vector_42     0x9d006740        0x8 c:/program files (x86)/microchip/xc32/v1.32/bin/bin/../../lib/gcc/pic32mx/4.5.2/../../../../pic32mx/lib\libpic32.a(vector42.o)
                0x9d006740                __vector_dispatch_42
                0x00000001                ASSERT (((_vector_spacing == 0x0) || (SIZEOF (.vector_42) <= (_vector_spacing << 0x5))), function at exception vector 42 too large)

.vector_43      0x9d006760        0x8
 *(.vector_43)
 .vector_43     0x9d006760        0x8 c:/program files (x86)/microchip/xc32/v1.32/bin/bin/../../lib/gcc/pic32mx/4.5.2/../../../../pic32mx/lib\libpic32.a(vector43.o)
                0x9d006760                __vector_dispatch_43
                0x00000001                ASSERT (((_vector_spacing == 0x0) || (SIZEOF (.vector_43) <= (_vector_spacing << 0x5))), function at exception vector 43 too large)

.vector_44      0x9d006780        0x8
 *(.vector_44)
 .vector_44     0x9d006780        0x8 c:/program files (x86)/microchip/xc32/v1.32/bin/bin/../../lib/gcc/pic32mx/4.5.2/../../../../pic32mx/lib\libpic32.a(vector44.o)
                0x9d006780                __vector_dispatch_44
                0x00000001                ASSERT (((_vector_spacing == 0x0) || (SIZEOF (.vector_44) <= (_vector_spacing << 0x5))), function at exception vector 44 too large)

.vector_45      0x9d0067a0        0x8
 *(.vector_45)
 .vector_45     0x9d0067a0        0x8 c:/program files (x86)/microchip/xc32/v1.32/bin/bin/../../lib/gcc/pic32mx/4.5.2/../../../../pic32mx/lib\libpic32.a(vector45.o)
                0x9d0067a0                __vector_dispatch_45
                0x00000001                ASSERT (((_vector_spacing == 0x0) || (SIZEOF (.vector_45) <= (_vector_spacing << 0x5))), function at exception vector 45 too large)

.vector_46      0x9d0067c0        0x8
 *(.vector_46)
 .vector_46     0x9d0067c0        0x8 c:/program files (x86)/microchip/xc32/v1.32/bin/bin/../../lib/gcc/pic32mx/4.5.2/../../../../pic32mx/lib\libpic32.a(vector46.o)
                0x9d0067c0                __vector_dispatch_46
                0x00000001                ASSERT (((_vector_spacing == 0x0) || (SIZEOF (.vector_46) <= (_vector_spacing << 0x5))), function at exception vector 46 too large)

.vector_47      0x9d0067e0        0x8
 *(.vector_47)
 .vector_47     0x9d0067e0        0x8 c:/program files (x86)/microchip/xc32/v1.32/bin/bin/../../lib/gcc/pic32mx/4.5.2/../../../../pic32mx/lib\libpic32.a(vector47.o)
                0x9d0067e0                __vector_dispatch_47
                0x00000001                ASSERT (((_vector_spacing == 0x0) || (SIZEOF (.vector_47) <= (_vector_spacing << 0x5))), function at exception vector 47 too large)

.vector_48      0x9d006800        0x8
 *(.vector_48)
 .vector_48     0x9d006800        0x8 c:/program files (x86)/microchip/xc32/v1.32/bin/bin/../../lib/gcc/pic32mx/4.5.2/../../../../pic32mx/lib\libpic32.a(vector48.o)
                0x9d006800                __vector_dispatch_48
                0x00000001                ASSERT (((_vector_spacing == 0x0) || (SIZEOF (.vector_48) <= (_vector_spacing << 0x5))), function at exception vector 48 too large)

.vector_49      0x9d006820        0x8
 *(.vector_49)
 .vector_49     0x9d006820        0x8 c:/program files (x86)/microchip/xc32/v1.32/bin/bin/../../lib/gcc/pic32mx/4.5.2/../../../../pic32mx/lib\libpic32.a(vector49.o)
                0x9d006820                __vector_dispatch_49
                0x00000001                ASSERT (((_vector_spacing == 0x0) || (SIZEOF (.vector_49) <= (_vector_spacing << 0x5))), function at exception vector 49 too large)

.vector_50      0x9d006840        0x8
 *(.vector_50)
 .vector_50     0x9d006840        0x8 c:/program files (x86)/microchip/xc32/v1.32/bin/bin/../../lib/gcc/pic32mx/4.5.2/../../../../pic32mx/lib\libpic32.a(vector50.o)
                0x9d006840                __vector_dispatch_50
                0x00000001                ASSERT (((_vector_spacing == 0x0) || (SIZEOF (.vector_50) <= (_vector_spacing << 0x5))), function at exception vector 50 too large)

.vector_51      0x9d006860        0x8
 *(.vector_51)
 .vector_51     0x9d006860        0x8 c:/program files (x86)/microchip/xc32/v1.32/bin/bin/../../lib/gcc/pic32mx/4.5.2/../../../../pic32mx/lib\libpic32.a(vector51.o)
                0x9d006860                __vector_dispatch_51
                0x00000001                ASSERT (((_vector_spacing == 0x0) || (SIZEOF (.vector_51) <= (_vector_spacing << 0x5))), function at exception vector 51 too large)

.vector_52      0x9d006880        0x8
 *(.vector_52)
 .vector_52     0x9d006880        0x8 c:/program files (x86)/microchip/xc32/v1.32/bin/bin/../../lib/gcc/pic32mx/4.5.2/../../../../pic32mx/lib\libpic32.a(vector52.o)
                0x9d006880                __vector_dispatch_52
                0x00000001                ASSERT (((_vector_spacing == 0x0) || (SIZEOF (.vector_52) <= (_vector_spacing << 0x5))), function at exception vector 52 too large)

.vector_53      0x9d0068a0        0x8
 *(.vector_53)
 .vector_53     0x9d0068a0        0x8 c:/program files (x86)/microchip/xc32/v1.32/bin/bin/../../lib/gcc/pic32mx/4.5.2/../../../../pic32mx/lib\libpic32.a(vector53.o)
                0x9d0068a0                __vector_dispatch_53
                0x00000001                ASSERT (((_vector_spacing == 0x0) || (SIZEOF (.vector_53) <= (_vector_spacing << 0x5))), function at exception vector 53 too large)

.vector_54      0x9d0068c0        0x8
 *(.vector_54)
 .vector_54     0x9d0068c0        0x8 c:/program files (x86)/microchip/xc32/v1.32/bin/bin/../../lib/gcc/pic32mx/4.5.2/../../../../pic32mx/lib\libpic32.a(vector54.o)
                0x9d0068c0                __vector_dispatch_54
                0x00000001                ASSERT (((_vector_spacing == 0x0) || (SIZEOF (.vector_54) <= (_vector_spacing << 0x5))), function at exception vector 54 too large)

.vector_55      0x9d0068e0        0x8
 *(.vector_55)
 .vector_55     0x9d0068e0        0x8 c:/program files (x86)/microchip/xc32/v1.32/bin/bin/../../lib/gcc/pic32mx/4.5.2/../../../../pic32mx/lib\libpic32.a(vector55.o)
                0x9d0068e0                __vector_dispatch_55
                0x00000001                ASSERT (((_vector_spacing == 0x0) || (SIZEOF (.vector_55) <= (_vector_spacing << 0x5))), function at exception vector 55 too large)

.vector_56      0x9d006900        0x8
 *(.vector_56)
 .vector_56     0x9d006900        0x8 c:/program files (x86)/microchip/xc32/v1.32/bin/bin/../../lib/gcc/pic32mx/4.5.2/../../../../pic32mx/lib\libpic32.a(vector56.o)
                0x9d006900                __vector_dispatch_56
                0x00000001                ASSERT (((_vector_spacing == 0x0) || (SIZEOF (.vector_56) <= (_vector_spacing << 0x5))), function at exception vector 56 too large)

.vector_57      0x9d006920        0x8
 *(.vector_57)
 .vector_57     0x9d006920        0x8 c:/program files (x86)/microchip/xc32/v1.32/bin/bin/../../lib/gcc/pic32mx/4.5.2/../../../../pic32mx/lib\libpic32.a(vector57.o)
                0x9d006920                __vector_dispatch_57
                0x00000001                ASSERT (((_vector_spacing == 0x0) || (SIZEOF (.vector_57) <= (_vector_spacing << 0x5))), function at exception vector 57 too large)

.vector_58      0x9d006940        0x8
 *(.vector_58)
 .vector_58     0x9d006940        0x8 c:/program files (x86)/microchip/xc32/v1.32/bin/bin/../../lib/gcc/pic32mx/4.5.2/../../../../pic32mx/lib\libpic32.a(vector58.o)
                0x9d006940                __vector_dispatch_58
                0x00000001                ASSERT (((_vector_spacing == 0x0) || (SIZEOF (.vector_58) <= (_vector_spacing << 0x5))), function at exception vector 58 too large)

.vector_59      0x9d006960        0x8
 *(.vector_59)
 .vector_59     0x9d006960        0x8 c:/program files (x86)/microchip/xc32/v1.32/bin/bin/../../lib/gcc/pic32mx/4.5.2/../../../../pic32mx/lib\libpic32.a(vector59.o)
                0x9d006960                __vector_dispatch_59
                0x00000001                ASSERT (((_vector_spacing == 0x0) || (SIZEOF (.vector_59) <= (_vector_spacing << 0x5))), function at exception vector 59 too large)

.vector_60      0x9d006980        0x8
 *(.vector_60)
 .vector_60     0x9d006980        0x8 c:/program files (x86)/microchip/xc32/v1.32/bin/bin/../../lib/gcc/pic32mx/4.5.2/../../../../pic32mx/lib\libpic32.a(vector60.o)
                0x9d006980                __vector_dispatch_60
                0x00000001                ASSERT (((_vector_spacing == 0x0) || (SIZEOF (.vector_60) <= (_vector_spacing << 0x5))), function at exception vector 60 too large)

.vector_61      0x9d0069a0        0x8
 *(.vector_61)
 .vector_61     0x9d0069a0        0x8 c:/program files (x86)/microchip/xc32/v1.32/bin/bin/../../lib/gcc/pic32mx/4.5.2/../../../../pic32mx/lib\libpic32.a(vector61.o)
                0x9d0069a0                __vector_dispatch_61
                0x00000001                ASSERT (((_vector_spacing == 0x0) || (SIZEOF (.vector_61) <= (_vector_spacing << 0x5))), function at exception vector 61 too large)

.vector_62      0x9d0069c0        0x8
 *(.vector_62)
 .vector_62     0x9d0069c0        0x8 c:/program files (x86)/microchip/xc32/v1.32/bin/bin/../../lib/gcc/pic32mx/4.5.2/../../../../pic32mx/lib\libpic32.a(vector62.o)
                0x9d0069c0                __vector_dispatch_62
                0x00000001                ASSERT (((_vector_spacing == 0x0) || (SIZEOF (.vector_62) <= (_vector_spacing << 0x5))), function at exception vector 62 too large)

.vector_63      0x9d0069e0        0x8
 *(.vector_63)
 .vector_63     0x9d0069e0        0x8 c:/program files (x86)/microchip/xc32/v1.32/bin/bin/../../lib/gcc/pic32mx/4.5.2/../../../../pic32mx/lib\libpic32.a(vector63.o)
                0x9d0069e0                __vector_dispatch_63
                0x00000001                ASSERT (((_vector_spacing == 0x0) || (SIZEOF (.vector_63) <= (_vector_spacing << 0x5))), function at exception vector 63 too large)

.startup
 *(.startup)

.text           0x9d007490        0x0
 *(.stub .gnu.linkonce.t.*)
 *(.text.*personality*)
 *(.mips16.fn.*)
 *(.mips16.call.*)
 *(.gnu.warning)
                0x9d007490                . = ALIGN (0x4)

.init           0x9d007490        0x0
 *crti.o(.init)
 *crtbegin.o(.init)
 *(EXCLUDE_FILE(*crtn.o *crtend?.o *crtend.o) .init)
 *crtend.o(.init)
 *crtn.o(.init)
                0x9d007490                . = ALIGN (0x4)

.fini           0x9d007490        0x0
 *(.fini)
                0x9d007490                . = ALIGN (0x4)

.preinit_array  0x9d007490        0x0
                0x9d007490                PROVIDE (__preinit_array_start, .)
 *(.preinit_array)
                0x9d007490                PROVIDE (__preinit_array_end, .)
                0x9d007490                . = ALIGN (0x4)

.init_array     0x9d007490        0x0
                0x9d007490                PROVIDE (__init_array_start, .)
 *(SORT(.init_array.*))
 *(.init_array)
                0x9d007490                PROVIDE (__init_array_end, .)
                0x9d007490                . = ALIGN (0x4)

.fini_array     0x9d007490        0x0
                0x9d007490                PROVIDE (__fini_array_start, .)
 *(SORT(.fini_array.*))
 *(.fini_array)
                0x9d007490                PROVIDE (__fini_array_end, .)
                0x9d007490                . = ALIGN (0x4)

.ctors          0x9d007490        0x0
 *crtbegin.o(.ctors)
 *crtbegin?.o(.ctors)
 *(EXCLUDE_FILE(*crtend?.o *crtend.o) .ctors)
 *(SORT(.ctors.*))
 *(.ctors)
                0x9d007490                . = ALIGN (0x4)

.dtors          0x9d007490        0x0
 *crtbegin.o(.dtors)
 *crtbegin?.o(.dtors)
 *(EXCLUDE_FILE(*crtend?.o *crtend.o) .dtors)
 *(SORT(.dtors.*))
 *(.dtors)
                0x9d007490                . = ALIGN (0x4)

.rodata         0x9d007490        0x0
 *(.gnu.linkonce.r.*)
 *(.rodata1)
                0x9d007490                . = ALIGN (0x4)

.sdata2         0x9d007490        0x0
 *(.sdata2 .sdata2.* .gnu.linkonce.s2.*)
                0x9d007490                . = ALIGN (0x4)

.sbss2          0x9d007490        0x0
 *(.sbss2 .sbss2.* .gnu.linkonce.sb2.*)
                0x9d007490                . = ALIGN (0x4)

.eh_frame_hdr
 *(.eh_frame_hdr)
                0x9d007490                . = ALIGN (0x4)

.eh_frame
 *(.eh_frame)
                0x9d007490                . = ALIGN (0x4)

.gcc_except_table
 *(.gcc_except_table .gcc_except_table.*)
                0x9d007490                . = ALIGN (0x4)

.dbg_data       0xa0000000        0x0
                0xa0000000                . = (. + DEFINED (_DEBUGGER)?0x200:0x0)

.jcr            0xa0000000        0x0
 *(.jcr)
                0xa0000000                . = ALIGN (0x4)

.eh_frame
 *(.eh_frame)
                0xa0000000                . = ALIGN (0x4)

.gcc_except_table
 *(.gcc_except_table .gcc_except_table.*)
                0xa0000000                . = ALIGN (0x4)

.persist        0xa0000000        0x0
                0xa0000000                _persist_begin = .
 *(.persist .persist.*)
 *(.pbss .pbss.*)
                0xa0000000                . = ALIGN (0x4)
                0xa0000000                _persist_end = .

.data           0xa0000000        0x0
 *(.gnu.linkonce.d.*)
 *(.data1)
                0xa0000000                . = ALIGN (0x4)
                0xa0000000                . = .
                0xa0007ff0                _gp = (ALIGN (0x10) + 0x7ff0)

.got            0xa0000000        0x0
 *(.got.plt)
 *(.got)
                0xa0000000                . = ALIGN (0x4)

.sdata          0xa0000000        0x0
                0xa0000000                _sdata_begin = .
 *(.sdata .sdata.* .gnu.linkonce.s.*)
                0xa0000000                . = ALIGN (0x4)
                0xa0000000                _sdata_end = .

.lit8
 *(.lit8)

.lit4
 *(.lit4)
                0xa0000000                . = ALIGN (0x4)
                0xa0000000                _data_end = .
                0xa0000000                _bss_begin = .

.sbss           0xa0000000       0x68
                0xa0000000                _sbss_begin = .
 *(.dynsbss)
 *(.sbss .sbss.* .gnu.linkonce.sb.*)
 .sbss          0xa0000000        0x2 build/default/production/_ext/1472/veludda_lcd.o
                0xa0000000                keystatus
 *fill*         0xa0000002        0x2 
 .sbss          0xa0000004        0x4 build/default/production/_ext/1472/recscore.o
                0xa0000004                recscore_ad
 *(.scommon)
 .scommon       0xa0000008       0x12 build/default/production/_ext/1472/rotatevideo_lcd.o
                0xa0000008                drawcount
                0xa000000a                vscanv1_y
                0xa000000c                vscanv1_x
                0xa000000e                vscanstartx
                0xa0000010                vscanstarty
                0xa0000012                vscanx
                0xa0000014                vscanv2_y
                0xa0000016                vscanv2_x
                0xa0000018                vscany
 *fill*         0xa000001a        0x2 
 .scommon       0xa000001c       0x4a build/default/production/_ext/1472/veludda_lcd.o
                0xa000001c                scr_ex
                0xa000001d                scr_sy
                0xa000001e                gamestatus
                0xa0000020                bmpbufp
                0xa0000024                scr_ey
                0xa0000026                gamestatuscount
                0xa0000028                enemyleft
                0xa0000029                ships
                0xa000002a                keystatus2
                0xa000002c                scr_sx
                0xa000002d                stage
                0xa000002e                continueflag
                0xa0000030                score
                0xa0000034                r1x
                0xa0000038                win_sx
                0xa000003c                sound2count
                0xa0000040                win_sy
                0xa0000044                sound2pr
                0xa0000048                win_ey
                0xa000004c                r1y
                0xa0000050                oldkey
                0xa0000052                gcount
                0xa0000054                sounddatap
                0xa0000058                continuecount
                0xa000005c                win_ex
                0xa0000060                highscore
                0xa0000064                music_on
                0xa0000065                random8
                0xa0000066                _sbss_end = .
                0xa0000068                . = ALIGN (0x4)
 *fill*         0xa0000066        0x2 

.bss            0xa0000068    0x13148
 *(.dynbss)
 *(COMMON)
 COMMON         0xa0000068    0x10a00 build/default/production/_ext/1472/rotatevideo_lcd.o
                0xa0000068                ClTable
                0xa0000268                VRAM
                0xa0010268                TOPVRAM
 COMMON         0xa0010a68     0x2348 build/default/production/_ext/1472/veludda_lcd.o
                0xa0010a68                ship
                0xa0010a78                cannonbuf
                0xa0010af0                bmpbuf
                0xa0012260                music
                0xa0012270                gndenemybuf
                0xa0012720                missilebuf
                0xa0012900                enemybuf
 COMMON         0xa0012db0      0x400 build/default/production/_ext/1472/recscore.o
                0xa0012db0                recscorebuf
                0xa00131b0                . = ALIGN ((. != 0x0)?0x4:0x1)
                0xa00131b0                . = ALIGN (0x4)
                0xa00131b0                _end = .
                0xa00131b0                _bss_end = .
                0x00020000                _bmxdudba_address = 0x20000
                0x00020000                _bmxdupba_address = 0x20000

/DISCARD/
 *(.pdr)
 *(.rel.dyn)
 *(.note.GNU-stack)
 *(.note.GNU-stack)
 *(.gnu_debuglink)
 *(.gnu.lto_*)
 *(.discard)

.gptab.sdata
 *(.gptab.data)
 *(.gptab.sdata)

.gptab.sbss
 *(.gptab.bss)
 *(.gptab.sbss)

.mdebug.abi32   0xa00131b0        0x0
 *(.mdebug.abi32)
 .mdebug.abi32  0xa00131b0        0x0 build/default/production/_ext/1472/graphlib2.o
 .mdebug.abi32  0xa00131b0        0x0 build/default/production/_ext/1472/musicdata.o
 .mdebug.abi32  0xa00131b0        0x0 build/default/production/_ext/1472/rotatevideo_lcd.o
 .mdebug.abi32  0xa00131b0        0x0 build/default/production/_ext/1472/veludda_chars.o
 .mdebug.abi32  0xa00131b0        0x0 build/default/production/_ext/1472/veludda_lcd.o
 .mdebug.abi32  0xa00131b0        0x0 build/default/production/_ext/1472/LCDdriver.o
 .mdebug.abi32  0xa00131b0        0x0 build/default/production/_ext/1472/recscore.o
 .mdebug.abi32  0xa00131b0        0x0 c:/program files (x86)/microchip/xc32/v1.32/bin/bin/../../lib/gcc/pic32mx/4.5.2/../../../../pic32mx/lib\libmchp_peripheral_32MX370F512H.a(pcache.o)
 .mdebug.abi32  0xa00131b0        0x0 c:/program files (x86)/microchip/xc32/v1.32/bin/bin/../../lib/gcc/pic32mx/4.5.2/../../../../pic32mx/lib\libmchp_peripheral_32MX370F512H.a(int_disable_interrupts_lib.o)
 .mdebug.abi32  0xa00131b0        0x0 c:/program files (x86)/microchip/xc32/v1.32/bin/bin/../../lib/gcc/pic32mx/4.5.2/../../../../pic32mx/lib\libmchp_peripheral_32MX370F512H.a(int_restore_interrupts_lib.o)
 .mdebug.abi32  0xa00131b0        0x0 c:/program files (x86)/microchip/xc32/v1.32/bin/bin/../../lib/gcc/pic32mx/4.5.2/../../../../pic32mx/lib\libmchp_peripheral_32MX370F512H.a(int_enable_mv_int_lib.o)
 .mdebug.abi32  0xa00131b0        0x0 c:/program files (x86)/microchip/xc32/v1.32/bin/bin/../../lib/gcc/pic32mx/4.5.2/../../../../pic32mx/lib\libmchp_peripheral_32MX370F512H.a(nvm_erase_page_lib.o)
 .mdebug.abi32  0xa00131b0        0x0 c:/program files (x86)/microchip/xc32/v1.32/bin/bin/../../lib/gcc/pic32mx/4.5.2/../../../../pic32mx/lib\libmchp_peripheral_32MX370F512H.a(nvm_operation_lib.o)
 .mdebug.abi32  0xa00131b0        0x0 c:/program files (x86)/microchip/xc32/v1.32/bin/bin/../../lib/gcc/pic32mx/4.5.2/../../../../pic32mx/lib\libmchp_peripheral_32MX370F512H.a(nvm_write_row_lib.o)
 .mdebug.abi32  0xa00131b0        0x0 c:/program files (x86)/microchip/xc32/v1.32/bin/bin/../../lib/gcc/pic32mx/4.5.2/../../../../pic32mx/lib\libmchp_peripheral_32MX370F512H.a(int_enable_interrupts_lib.o)
 .mdebug.abi32  0xa00131b0        0x0 c:/program files (x86)/microchip/xc32/v1.32/bin/bin/../../lib/gcc/pic32mx/4.5.2/../../../../pic32mx/lib\libpic32.a(default-bootstrap-exception-handler.o)
 .mdebug.abi32  0xa00131b0        0x0 c:/program files (x86)/microchip/xc32/v1.32/bin/bin/../../lib/gcc/pic32mx/4.5.2/../../../../pic32mx/lib\libpic32.a(default-on-reset.o)
 .mdebug.abi32  0xa00131b0        0x0 c:/program files (x86)/microchip/xc32/v1.32/bin/bin/../../lib/gcc/pic32mx/4.5.2/../../../../pic32mx/lib\libpic32.a(default-on-bootstrap.o)
 .mdebug.abi32  0xa00131b0        0x0 c:/program files (x86)/microchip/xc32/v1.32/bin/bin/../../lib/gcc/pic32mx/4.5.2/../../../../pic32mx/lib\libpic32.a(default-general-exception-handler.o)
 .mdebug.abi32  0xa00131b0        0x0 c:/program files (x86)/microchip/xc32/v1.32/bin/bin/../../lib/gcc/pic32mx/4.5.2/../../../../pic32mx/lib\libpic32.a(defaultinterrupt.o)

.mdebug.abiN32
 *(.mdebug.abiN32)

.mdebug.abi64
 *(.mdebug.abi64)

.mdebug.abiO64
 *(.mdebug.abiO64)

.mdebug.eabi32
 *(.mdebug.eabi32)

.mdebug.eabi64
 *(.mdebug.eabi64)

.gcc_compiled_long32
 *(.gcc_compiled_long32)

.gcc_compiled_long64
 *(.gcc_compiled_long64)

.stab
 *(.stab)

.stabstr
 *(.stabstr)

.stab.excl
 *(.stab.excl)

.stab.exclstr
 *(.stab.exclstr)

.stab.index
 *(.stab.index)

.stab.indexstr
 *(.stab.indexstr)

.comment        0x00000000       0x78
 *(.comment)
 .comment       0x00000000       0x3c build/default/production/_ext/1472/graphlib2.o
                                 0x3d (size before relaxing)
 .comment       0x00000000       0x3d build/default/production/_ext/1472/musicdata.o
 .comment       0x00000000       0x3d build/default/production/_ext/1472/rotatevideo_lcd.o
 .comment       0x00000000       0x3d build/default/production/_ext/1472/veludda_chars.o
 .comment       0x00000000       0x3d build/default/production/_ext/1472/veludda_lcd.o
 .comment       0x00000000       0x3d build/default/production/_ext/1472/LCDdriver.o
 .comment       0x00000000       0x3d build/default/production/_ext/1472/recscore.o
 .comment       0x0000003c       0x3c c:/program files (x86)/microchip/xc32/v1.32/bin/bin/../../lib/gcc/pic32mx/4.5.2/../../../../pic32mx/lib\libmchp_peripheral_32MX370F512H.a(pcache.o)
                                 0x3d (size before relaxing)
 .comment       0x00000000       0x3d c:/program files (x86)/microchip/xc32/v1.32/bin/bin/../../lib/gcc/pic32mx/4.5.2/../../../../pic32mx/lib\libmchp_peripheral_32MX370F512H.a(int_disable_interrupts_lib.o)
 .comment       0x00000000       0x3d c:/program files (x86)/microchip/xc32/v1.32/bin/bin/../../lib/gcc/pic32mx/4.5.2/../../../../pic32mx/lib\libmchp_peripheral_32MX370F512H.a(int_restore_interrupts_lib.o)
 .comment       0x00000000       0x3d c:/program files (x86)/microchip/xc32/v1.32/bin/bin/../../lib/gcc/pic32mx/4.5.2/../../../../pic32mx/lib\libmchp_peripheral_32MX370F512H.a(int_enable_mv_int_lib.o)
 .comment       0x00000000       0x3d c:/program files (x86)/microchip/xc32/v1.32/bin/bin/../../lib/gcc/pic32mx/4.5.2/../../../../pic32mx/lib\libmchp_peripheral_32MX370F512H.a(nvm_erase_page_lib.o)
 .comment       0x00000000       0x3d c:/program files (x86)/microchip/xc32/v1.32/bin/bin/../../lib/gcc/pic32mx/4.5.2/../../../../pic32mx/lib\libmchp_peripheral_32MX370F512H.a(nvm_operation_lib.o)
 .comment       0x00000000       0x3d c:/program files (x86)/microchip/xc32/v1.32/bin/bin/../../lib/gcc/pic32mx/4.5.2/../../../../pic32mx/lib\libmchp_peripheral_32MX370F512H.a(nvm_write_row_lib.o)
 .comment       0x00000000       0x3d c:/program files (x86)/microchip/xc32/v1.32/bin/bin/../../lib/gcc/pic32mx/4.5.2/../../../../pic32mx/lib\libmchp_peripheral_32MX370F512H.a(int_enable_interrupts_lib.o)
 .comment       0x00000000       0x3d c:/program files (x86)/microchip/xc32/v1.32/bin/bin/../../lib/gcc/pic32mx/4.5.2/../../../../pic32mx/lib\libpic32.a(default-bootstrap-exception-handler.o)
 .comment       0x00000000       0x3d c:/program files (x86)/microchip/xc32/v1.32/bin/bin/../../lib/gcc/pic32mx/4.5.2/../../../../pic32mx/lib\libpic32.a(default-on-reset.o)
 .comment       0x00000000       0x3d c:/program files (x86)/microchip/xc32/v1.32/bin/bin/../../lib/gcc/pic32mx/4.5.2/../../../../pic32mx/lib\libpic32.a(default-on-bootstrap.o)
 .comment       0x00000000       0x3d c:/program files (x86)/microchip/xc32/v1.32/bin/bin/../../lib/gcc/pic32mx/4.5.2/../../../../pic32mx/lib\libpic32.a(default-general-exception-handler.o)
 .comment       0x00000000       0x3d c:/program files (x86)/microchip/xc32/v1.32/bin/bin/../../lib/gcc/pic32mx/4.5.2/../../../../pic32mx/lib\libpic32.a(defaultinterrupt.o)

.debug
 *(.debug)

.line
 *(.line)

.debug_srcinfo
 *(.debug_srcinfo)

.debug_sfnames
 *(.debug_sfnames)

.debug_aranges  0x00000000      0x248
 *(.debug_aranges)
 .debug_aranges
                0x00000000       0x20 build/default/production/_ext/1472/graphlib2.o
 .debug_aranges
                0x00000020       0x20 build/default/production/_ext/1472/rotatevideo_lcd.o
 .debug_aranges
                0x00000040       0x20 build/default/production/_ext/1472/veludda_lcd.o
 .debug_aranges
                0x00000060       0x20 build/default/production/_ext/1472/LCDdriver.o
 .debug_aranges
                0x00000080       0x20 build/default/production/_ext/1472/recscore.o
 .debug_aranges
                0x000000a0       0x28 c:/program files (x86)/microchip/xc32/v1.32/bin/bin/../../lib/gcc/pic32mx/4.5.2/../../../../pic32mx/lib\libmchp_peripheral_32MX370F512H.a(pcache.o)
 .debug_aranges
                0x000000c8       0x20 c:/program files (x86)/microchip/xc32/v1.32/bin/bin/../../lib/gcc/pic32mx/4.5.2/../../../../pic32mx/lib\libmchp_peripheral_32MX370F512H.a(int_disable_interrupts_lib.o)
 .debug_aranges
                0x000000e8       0x20 c:/program files (x86)/microchip/xc32/v1.32/bin/bin/../../lib/gcc/pic32mx/4.5.2/../../../../pic32mx/lib\libmchp_peripheral_32MX370F512H.a(int_restore_interrupts_lib.o)
 .debug_aranges
                0x00000108       0x20 c:/program files (x86)/microchip/xc32/v1.32/bin/bin/../../lib/gcc/pic32mx/4.5.2/../../../../pic32mx/lib\libmchp_peripheral_32MX370F512H.a(int_enable_mv_int_lib.o)
 .debug_aranges
                0x00000128       0x20 c:/program files (x86)/microchip/xc32/v1.32/bin/bin/../../lib/gcc/pic32mx/4.5.2/../../../../pic32mx/lib\libmchp_peripheral_32MX370F512H.a(nvm_erase_page_lib.o)
 .debug_aranges
                0x00000148       0x20 c:/program files (x86)/microchip/xc32/v1.32/bin/bin/../../lib/gcc/pic32mx/4.5.2/../../../../pic32mx/lib\libmchp_peripheral_32MX370F512H.a(nvm_operation_lib.o)
 .debug_aranges
                0x00000168       0x20 c:/program files (x86)/microchip/xc32/v1.32/bin/bin/../../lib/gcc/pic32mx/4.5.2/../../../../pic32mx/lib\libmchp_peripheral_32MX370F512H.a(nvm_write_row_lib.o)
 .debug_aranges
                0x00000188       0x20 c:/program files (x86)/microchip/xc32/v1.32/bin/bin/../../lib/gcc/pic32mx/4.5.2/../../../../pic32mx/lib\libmchp_peripheral_32MX370F512H.a(int_enable_interrupts_lib.o)
 .debug_aranges
                0x000001a8       0x20 c:/program files (x86)/microchip/xc32/v1.32/bin/bin/../../lib/gcc/pic32mx/4.5.2/../../../../pic32mx/lib\libpic32.a(default-bootstrap-exception-handler.o)
 .debug_aranges
                0x000001c8       0x20 c:/program files (x86)/microchip/xc32/v1.32/bin/bin/../../lib/gcc/pic32mx/4.5.2/../../../../pic32mx/lib\libpic32.a(default-on-reset.o)
 .debug_aranges
                0x000001e8       0x20 c:/program files (x86)/microchip/xc32/v1.32/bin/bin/../../lib/gcc/pic32mx/4.5.2/../../../../pic32mx/lib\libpic32.a(default-on-bootstrap.o)
 .debug_aranges
                0x00000208       0x20 c:/program files (x86)/microchip/xc32/v1.32/bin/bin/../../lib/gcc/pic32mx/4.5.2/../../../../pic32mx/lib\libpic32.a(default-general-exception-handler.o)
 .debug_aranges
                0x00000228       0x20 c:/program files (x86)/microchip/xc32/v1.32/bin/bin/../../lib/gcc/pic32mx/4.5.2/../../../../pic32mx/lib\libpic32.a(defaultinterrupt.o)

.debug_pubnames
                0x00000000      0xc55
 *(.debug_pubnames)
 .debug_pubnames
                0x00000000      0x153 build/default/production/_ext/1472/graphlib2.o
 .debug_pubnames
                0x00000153       0x89 build/default/production/_ext/1472/musicdata.o
 .debug_pubnames
                0x000001dc      0x10d build/default/production/_ext/1472/rotatevideo_lcd.o
 .debug_pubnames
                0x000002e9       0xc2 build/default/production/_ext/1472/veludda_chars.o
 .debug_pubnames
                0x000003ab      0x546 build/default/production/_ext/1472/veludda_lcd.o
 .debug_pubnames
                0x000008f1       0xd1 build/default/production/_ext/1472/LCDdriver.o
 .debug_pubnames
                0x000009c2       0x69 build/default/production/_ext/1472/recscore.o
 .debug_pubnames
                0x00000a2b       0x3b c:/program files (x86)/microchip/xc32/v1.32/bin/bin/../../lib/gcc/pic32mx/4.5.2/../../../../pic32mx/lib\libmchp_peripheral_32MX370F512H.a(pcache.o)
 .debug_pubnames
                0x00000a66       0x2b c:/program files (x86)/microchip/xc32/v1.32/bin/bin/../../lib/gcc/pic32mx/4.5.2/../../../../pic32mx/lib\libmchp_peripheral_32MX370F512H.a(int_disable_interrupts_lib.o)
 .debug_pubnames
                0x00000a91       0x2b c:/program files (x86)/microchip/xc32/v1.32/bin/bin/../../lib/gcc/pic32mx/4.5.2/../../../../pic32mx/lib\libmchp_peripheral_32MX370F512H.a(int_restore_interrupts_lib.o)
 .debug_pubnames
                0x00000abc       0x36 c:/program files (x86)/microchip/xc32/v1.32/bin/bin/../../lib/gcc/pic32mx/4.5.2/../../../../pic32mx/lib\libmchp_peripheral_32MX370F512H.a(int_enable_mv_int_lib.o)
 .debug_pubnames
                0x00000af2       0x23 c:/program files (x86)/microchip/xc32/v1.32/bin/bin/../../lib/gcc/pic32mx/4.5.2/../../../../pic32mx/lib\libmchp_peripheral_32MX370F512H.a(nvm_erase_page_lib.o)
 .debug_pubnames
                0x00000b15       0x24 c:/program files (x86)/microchip/xc32/v1.32/bin/bin/../../lib/gcc/pic32mx/4.5.2/../../../../pic32mx/lib\libmchp_peripheral_32MX370F512H.a(nvm_operation_lib.o)
 .debug_pubnames
                0x00000b39       0x22 c:/program files (x86)/microchip/xc32/v1.32/bin/bin/../../lib/gcc/pic32mx/4.5.2/../../../../pic32mx/lib\libmchp_peripheral_32MX370F512H.a(nvm_write_row_lib.o)
 .debug_pubnames
                0x00000b5b       0x2a c:/program files (x86)/microchip/xc32/v1.32/bin/bin/../../lib/gcc/pic32mx/4.5.2/../../../../pic32mx/lib\libmchp_peripheral_32MX370F512H.a(int_enable_interrupts_lib.o)
 .debug_pubnames
                0x00000b85       0x33 c:/program files (x86)/microchip/xc32/v1.32/bin/bin/../../lib/gcc/pic32mx/4.5.2/../../../../pic32mx/lib\libpic32.a(default-bootstrap-exception-handler.o)
 .debug_pubnames
                0x00000bb8       0x20 c:/program files (x86)/microchip/xc32/v1.32/bin/bin/../../lib/gcc/pic32mx/4.5.2/../../../../pic32mx/lib\libpic32.a(default-on-reset.o)
 .debug_pubnames
                0x00000bd8       0x24 c:/program files (x86)/microchip/xc32/v1.32/bin/bin/../../lib/gcc/pic32mx/4.5.2/../../../../pic32mx/lib\libpic32.a(default-on-bootstrap.o)
 .debug_pubnames
                0x00000bfc       0x31 c:/program files (x86)/microchip/xc32/v1.32/bin/bin/../../lib/gcc/pic32mx/4.5.2/../../../../pic32mx/lib\libpic32.a(default-general-exception-handler.o)
 .debug_pubnames
                0x00000c2d       0x28 c:/program files (x86)/microchip/xc32/v1.32/bin/bin/../../lib/gcc/pic32mx/4.5.2/../../../../pic32mx/lib\libpic32.a(defaultinterrupt.o)

.debug_info     0x00000000     0x7836
 *(.debug_info .gnu.linkonce.wi.*)
 .debug_info    0x00000000      0xb80 build/default/production/_ext/1472/graphlib2.o
 .debug_info    0x00000b80      0x245 build/default/production/_ext/1472/musicdata.o
 .debug_info    0x00000dc5     0x1c26 build/default/production/_ext/1472/rotatevideo_lcd.o
 .debug_info    0x000029eb      0x2e9 build/default/production/_ext/1472/veludda_chars.o
 .debug_info    0x00002cd4     0x1df2 build/default/production/_ext/1472/veludda_lcd.o
 .debug_info    0x00004ac6     0x136e build/default/production/_ext/1472/LCDdriver.o
 .debug_info    0x00005e34     0x1054 build/default/production/_ext/1472/recscore.o
 .debug_info    0x00006e88       0xbf c:/program files (x86)/microchip/xc32/v1.32/bin/bin/../../lib/gcc/pic32mx/4.5.2/../../../../pic32mx/lib\libmchp_peripheral_32MX370F512H.a(pcache.o)
 .debug_info    0x00006f47       0xb6 c:/program files (x86)/microchip/xc32/v1.32/bin/bin/../../lib/gcc/pic32mx/4.5.2/../../../../pic32mx/lib\libmchp_peripheral_32MX370F512H.a(int_disable_interrupts_lib.o)
 .debug_info    0x00006ffd       0xb6 c:/program files (x86)/microchip/xc32/v1.32/bin/bin/../../lib/gcc/pic32mx/4.5.2/../../../../pic32mx/lib\libmchp_peripheral_32MX370F512H.a(int_restore_interrupts_lib.o)
 .debug_info    0x000070b3       0xbc c:/program files (x86)/microchip/xc32/v1.32/bin/bin/../../lib/gcc/pic32mx/4.5.2/../../../../pic32mx/lib\libmchp_peripheral_32MX370F512H.a(int_enable_mv_int_lib.o)
 .debug_info    0x0000716f       0xa6 c:/program files (x86)/microchip/xc32/v1.32/bin/bin/../../lib/gcc/pic32mx/4.5.2/../../../../pic32mx/lib\libmchp_peripheral_32MX370F512H.a(nvm_erase_page_lib.o)
 .debug_info    0x00007215       0xc7 c:/program files (x86)/microchip/xc32/v1.32/bin/bin/../../lib/gcc/pic32mx/4.5.2/../../../../pic32mx/lib\libmchp_peripheral_32MX370F512H.a(nvm_operation_lib.o)
 .debug_info    0x000072dc       0xa4 c:/program files (x86)/microchip/xc32/v1.32/bin/bin/../../lib/gcc/pic32mx/4.5.2/../../../../pic32mx/lib\libmchp_peripheral_32MX370F512H.a(nvm_write_row_lib.o)
 .debug_info    0x00007380       0xb4 c:/program files (x86)/microchip/xc32/v1.32/bin/bin/../../lib/gcc/pic32mx/4.5.2/../../../../pic32mx/lib\libmchp_peripheral_32MX370F512H.a(int_enable_interrupts_lib.o)
 .debug_info    0x00007434       0xde c:/program files (x86)/microchip/xc32/v1.32/bin/bin/../../lib/gcc/pic32mx/4.5.2/../../../../pic32mx/lib\libpic32.a(default-bootstrap-exception-handler.o)
 .debug_info    0x00007512       0xb8 c:/program files (x86)/microchip/xc32/v1.32/bin/bin/../../lib/gcc/pic32mx/4.5.2/../../../../pic32mx/lib\libpic32.a(default-on-reset.o)
 .debug_info    0x000075ca       0xc0 c:/program files (x86)/microchip/xc32/v1.32/bin/bin/../../lib/gcc/pic32mx/4.5.2/../../../../pic32mx/lib\libpic32.a(default-on-bootstrap.o)
 .debug_info    0x0000768a       0xda c:/program files (x86)/microchip/xc32/v1.32/bin/bin/../../lib/gcc/pic32mx/4.5.2/../../../../pic32mx/lib\libpic32.a(default-general-exception-handler.o)
 .debug_info    0x00007764       0xd2 c:/program files (x86)/microchip/xc32/v1.32/bin/bin/../../lib/gcc/pic32mx/4.5.2/../../../../pic32mx/lib\libpic32.a(defaultinterrupt.o)

.debug_abbrev   0x00000000      0xc4b
 *(.debug_abbrev)
 .debug_abbrev  0x00000000       0xe4 build/default/production/_ext/1472/graphlib2.o
 .debug_abbrev  0x000000e4       0x52 build/default/production/_ext/1472/musicdata.o
 .debug_abbrev  0x00000136      0x2ea build/default/production/_ext/1472/rotatevideo_lcd.o
 .debug_abbrev  0x00000420       0x63 build/default/production/_ext/1472/veludda_chars.o
 .debug_abbrev  0x00000483      0x1f5 build/default/production/_ext/1472/veludda_lcd.o
 .debug_abbrev  0x00000678      0x218 build/default/production/_ext/1472/LCDdriver.o
 .debug_abbrev  0x00000890      0x1d5 build/default/production/_ext/1472/recscore.o
 .debug_abbrev  0x00000a65       0x25 c:/program files (x86)/microchip/xc32/v1.32/bin/bin/../../lib/gcc/pic32mx/4.5.2/../../../../pic32mx/lib\libmchp_peripheral_32MX370F512H.a(pcache.o)
 .debug_abbrev  0x00000a8a       0x25 c:/program files (x86)/microchip/xc32/v1.32/bin/bin/../../lib/gcc/pic32mx/4.5.2/../../../../pic32mx/lib\libmchp_peripheral_32MX370F512H.a(int_disable_interrupts_lib.o)
 .debug_abbrev  0x00000aaf       0x25 c:/program files (x86)/microchip/xc32/v1.32/bin/bin/../../lib/gcc/pic32mx/4.5.2/../../../../pic32mx/lib\libmchp_peripheral_32MX370F512H.a(int_restore_interrupts_lib.o)
 .debug_abbrev  0x00000ad4       0x25 c:/program files (x86)/microchip/xc32/v1.32/bin/bin/../../lib/gcc/pic32mx/4.5.2/../../../../pic32mx/lib\libmchp_peripheral_32MX370F512H.a(int_enable_mv_int_lib.o)
 .debug_abbrev  0x00000af9       0x25 c:/program files (x86)/microchip/xc32/v1.32/bin/bin/../../lib/gcc/pic32mx/4.5.2/../../../../pic32mx/lib\libmchp_peripheral_32MX370F512H.a(nvm_erase_page_lib.o)
 .debug_abbrev  0x00000b1e       0x34 c:/program files (x86)/microchip/xc32/v1.32/bin/bin/../../lib/gcc/pic32mx/4.5.2/../../../../pic32mx/lib\libmchp_peripheral_32MX370F512H.a(nvm_operation_lib.o)
 .debug_abbrev  0x00000b52       0x25 c:/program files (x86)/microchip/xc32/v1.32/bin/bin/../../lib/gcc/pic32mx/4.5.2/../../../../pic32mx/lib\libmchp_peripheral_32MX370F512H.a(nvm_write_row_lib.o)
 .debug_abbrev  0x00000b77       0x25 c:/program files (x86)/microchip/xc32/v1.32/bin/bin/../../lib/gcc/pic32mx/4.5.2/../../../../pic32mx/lib\libmchp_peripheral_32MX370F512H.a(int_enable_interrupts_lib.o)
 .debug_abbrev  0x00000b9c       0x23 c:/program files (x86)/microchip/xc32/v1.32/bin/bin/../../lib/gcc/pic32mx/4.5.2/../../../../pic32mx/lib\libpic32.a(default-bootstrap-exception-handler.o)
 .debug_abbrev  0x00000bbf       0x23 c:/program files (x86)/microchip/xc32/v1.32/bin/bin/../../lib/gcc/pic32mx/4.5.2/../../../../pic32mx/lib\libpic32.a(default-on-reset.o)
 .debug_abbrev  0x00000be2       0x23 c:/program files (x86)/microchip/xc32/v1.32/bin/bin/../../lib/gcc/pic32mx/4.5.2/../../../../pic32mx/lib\libpic32.a(default-on-bootstrap.o)
 .debug_abbrev  0x00000c05       0x23 c:/program files (x86)/microchip/xc32/v1.32/bin/bin/../../lib/gcc/pic32mx/4.5.2/../../../../pic32mx/lib\libpic32.a(default-general-exception-handler.o)
 .debug_abbrev  0x00000c28       0x23 c:/program files (x86)/microchip/xc32/v1.32/bin/bin/../../lib/gcc/pic32mx/4.5.2/../../../../pic32mx/lib\libpic32.a(defaultinterrupt.o)

.debug_line     0x00000000     0x16e7
 *(.debug_line)
 .debug_line    0x00000000      0x213 build/default/production/_ext/1472/graphlib2.o
 .debug_line    0x00000213       0x66 build/default/production/_ext/1472/musicdata.o
 .debug_line    0x00000279      0x244 build/default/production/_ext/1472/rotatevideo_lcd.o
 .debug_line    0x000004bd       0x6a build/default/production/_ext/1472/veludda_chars.o
 .debug_line    0x00000527      0x7bb build/default/production/_ext/1472/veludda_lcd.o
 .debug_line    0x00000ce2      0x1ed build/default/production/_ext/1472/LCDdriver.o
 .debug_line    0x00000ecf      0x191 build/default/production/_ext/1472/recscore.o
 .debug_line    0x00001060       0x62 c:/program files (x86)/microchip/xc32/v1.32/bin/bin/../../lib/gcc/pic32mx/4.5.2/../../../../pic32mx/lib\libmchp_peripheral_32MX370F512H.a(pcache.o)
 .debug_line    0x000010c2       0x73 c:/program files (x86)/microchip/xc32/v1.32/bin/bin/../../lib/gcc/pic32mx/4.5.2/../../../../pic32mx/lib\libmchp_peripheral_32MX370F512H.a(int_disable_interrupts_lib.o)
 .debug_line    0x00001135       0x73 c:/program files (x86)/microchip/xc32/v1.32/bin/bin/../../lib/gcc/pic32mx/4.5.2/../../../../pic32mx/lib\libmchp_peripheral_32MX370F512H.a(int_restore_interrupts_lib.o)
 .debug_line    0x000011a8       0x6e c:/program files (x86)/microchip/xc32/v1.32/bin/bin/../../lib/gcc/pic32mx/4.5.2/../../../../pic32mx/lib\libmchp_peripheral_32MX370F512H.a(int_enable_mv_int_lib.o)
 .debug_line    0x00001216       0x6b c:/program files (x86)/microchip/xc32/v1.32/bin/bin/../../lib/gcc/pic32mx/4.5.2/../../../../pic32mx/lib\libmchp_peripheral_32MX370F512H.a(nvm_erase_page_lib.o)
 .debug_line    0x00001281       0xbc c:/program files (x86)/microchip/xc32/v1.32/bin/bin/../../lib/gcc/pic32mx/4.5.2/../../../../pic32mx/lib\libmchp_peripheral_32MX370F512H.a(nvm_operation_lib.o)
 .debug_line    0x0000133d       0x6a c:/program files (x86)/microchip/xc32/v1.32/bin/bin/../../lib/gcc/pic32mx/4.5.2/../../../../pic32mx/lib\libmchp_peripheral_32MX370F512H.a(nvm_write_row_lib.o)
 .debug_line    0x000013a7       0x72 c:/program files (x86)/microchip/xc32/v1.32/bin/bin/../../lib/gcc/pic32mx/4.5.2/../../../../pic32mx/lib\libmchp_peripheral_32MX370F512H.a(int_enable_interrupts_lib.o)
 .debug_line    0x00001419       0x97 c:/program files (x86)/microchip/xc32/v1.32/bin/bin/../../lib/gcc/pic32mx/4.5.2/../../../../pic32mx/lib\libpic32.a(default-bootstrap-exception-handler.o)
 .debug_line    0x000014b0       0x84 c:/program files (x86)/microchip/xc32/v1.32/bin/bin/../../lib/gcc/pic32mx/4.5.2/../../../../pic32mx/lib\libpic32.a(default-on-reset.o)
 .debug_line    0x00001534       0x88 c:/program files (x86)/microchip/xc32/v1.32/bin/bin/../../lib/gcc/pic32mx/4.5.2/../../../../pic32mx/lib\libpic32.a(default-on-bootstrap.o)
 .debug_line    0x000015bc       0x95 c:/program files (x86)/microchip/xc32/v1.32/bin/bin/../../lib/gcc/pic32mx/4.5.2/../../../../pic32mx/lib\libpic32.a(default-general-exception-handler.o)
 .debug_line    0x00001651       0x96 c:/program files (x86)/microchip/xc32/v1.32/bin/bin/../../lib/gcc/pic32mx/4.5.2/../../../../pic32mx/lib\libpic32.a(defaultinterrupt.o)

.debug_frame    0x00000000      0xad4
 *(.debug_frame)
 .debug_frame   0x00000000      0x238 build/default/production/_ext/1472/graphlib2.o
 .debug_frame   0x00000238       0x98 build/default/production/_ext/1472/rotatevideo_lcd.o
 .debug_frame   0x000002d0      0x4dc build/default/production/_ext/1472/veludda_lcd.o
 .debug_frame   0x000007ac      0x100 build/default/production/_ext/1472/LCDdriver.o
 .debug_frame   0x000008ac       0x48 build/default/production/_ext/1472/recscore.o
 .debug_frame   0x000008f4       0x30 c:/program files (x86)/microchip/xc32/v1.32/bin/bin/../../lib/gcc/pic32mx/4.5.2/../../../../pic32mx/lib\libmchp_peripheral_32MX370F512H.a(pcache.o)
 .debug_frame   0x00000924       0x20 c:/program files (x86)/microchip/xc32/v1.32/bin/bin/../../lib/gcc/pic32mx/4.5.2/../../../../pic32mx/lib\libmchp_peripheral_32MX370F512H.a(int_disable_interrupts_lib.o)
 .debug_frame   0x00000944       0x20 c:/program files (x86)/microchip/xc32/v1.32/bin/bin/../../lib/gcc/pic32mx/4.5.2/../../../../pic32mx/lib\libmchp_peripheral_32MX370F512H.a(int_restore_interrupts_lib.o)
 .debug_frame   0x00000964       0x28 c:/program files (x86)/microchip/xc32/v1.32/bin/bin/../../lib/gcc/pic32mx/4.5.2/../../../../pic32mx/lib\libmchp_peripheral_32MX370F512H.a(int_enable_mv_int_lib.o)
 .debug_frame   0x0000098c       0x28 c:/program files (x86)/microchip/xc32/v1.32/bin/bin/../../lib/gcc/pic32mx/4.5.2/../../../../pic32mx/lib\libmchp_peripheral_32MX370F512H.a(nvm_erase_page_lib.o)
 .debug_frame   0x000009b4       0x28 c:/program files (x86)/microchip/xc32/v1.32/bin/bin/../../lib/gcc/pic32mx/4.5.2/../../../../pic32mx/lib\libmchp_peripheral_32MX370F512H.a(nvm_operation_lib.o)
 .debug_frame   0x000009dc       0x28 c:/program files (x86)/microchip/xc32/v1.32/bin/bin/../../lib/gcc/pic32mx/4.5.2/../../../../pic32mx/lib\libmchp_peripheral_32MX370F512H.a(nvm_write_row_lib.o)
 .debug_frame   0x00000a04       0x20 c:/program files (x86)/microchip/xc32/v1.32/bin/bin/../../lib/gcc/pic32mx/4.5.2/../../../../pic32mx/lib\libmchp_peripheral_32MX370F512H.a(int_enable_interrupts_lib.o)
 .debug_frame   0x00000a24       0x28 c:/program files (x86)/microchip/xc32/v1.32/bin/bin/../../lib/gcc/pic32mx/4.5.2/../../../../pic32mx/lib\libpic32.a(default-bootstrap-exception-handler.o)
 .debug_frame   0x00000a4c       0x20 c:/program files (x86)/microchip/xc32/v1.32/bin/bin/../../lib/gcc/pic32mx/4.5.2/../../../../pic32mx/lib\libpic32.a(default-on-reset.o)
 .debug_frame   0x00000a6c       0x20 c:/program files (x86)/microchip/xc32/v1.32/bin/bin/../../lib/gcc/pic32mx/4.5.2/../../../../pic32mx/lib\libpic32.a(default-on-bootstrap.o)
 .debug_frame   0x00000a8c       0x28 c:/program files (x86)/microchip/xc32/v1.32/bin/bin/../../lib/gcc/pic32mx/4.5.2/../../../../pic32mx/lib\libpic32.a(default-general-exception-handler.o)
 .debug_frame   0x00000ab4       0x20 c:/program files (x86)/microchip/xc32/v1.32/bin/bin/../../lib/gcc/pic32mx/4.5.2/../../../../pic32mx/lib\libpic32.a(defaultinterrupt.o)

.debug_str      0x00000000      0x5e5
 *(.debug_str)
 .debug_str     0x00000000       0x49 build/default/production/_ext/1472/graphlib2.o
 .debug_str     0x00000049        0x0 build/default/production/_ext/1472/musicdata.o
 .debug_str     0x00000049      0x16f build/default/production/_ext/1472/rotatevideo_lcd.o
 .debug_str     0x000001b8        0x0 build/default/production/_ext/1472/veludda_chars.o
 .debug_str     0x000001b8      0x23f build/default/production/_ext/1472/veludda_lcd.o
 .debug_str     0x000003f7       0xf4 build/default/production/_ext/1472/LCDdriver.o
 .debug_str     0x000004eb       0xfa build/default/production/_ext/1472/recscore.o
 .debug_str     0x000005e5        0x0 c:/program files (x86)/microchip/xc32/v1.32/bin/bin/../../lib/gcc/pic32mx/4.5.2/../../../../pic32mx/lib\libmchp_peripheral_32MX370F512H.a(pcache.o)
 .debug_str     0x000005e5        0x0 c:/program files (x86)/microchip/xc32/v1.32/bin/bin/../../lib/gcc/pic32mx/4.5.2/../../../../pic32mx/lib\libmchp_peripheral_32MX370F512H.a(int_disable_interrupts_lib.o)
 .debug_str     0x000005e5        0x0 c:/program files (x86)/microchip/xc32/v1.32/bin/bin/../../lib/gcc/pic32mx/4.5.2/../../../../pic32mx/lib\libmchp_peripheral_32MX370F512H.a(int_restore_interrupts_lib.o)
 .debug_str     0x000005e5        0x0 c:/program files (x86)/microchip/xc32/v1.32/bin/bin/../../lib/gcc/pic32mx/4.5.2/../../../../pic32mx/lib\libmchp_peripheral_32MX370F512H.a(int_enable_mv_int_lib.o)
 .debug_str     0x000005e5        0x0 c:/program files (x86)/microchip/xc32/v1.32/bin/bin/../../lib/gcc/pic32mx/4.5.2/../../../../pic32mx/lib\libmchp_peripheral_32MX370F512H.a(nvm_erase_page_lib.o)
 .debug_str     0x000005e5        0x0 c:/program files (x86)/microchip/xc32/v1.32/bin/bin/../../lib/gcc/pic32mx/4.5.2/../../../../pic32mx/lib\libmchp_peripheral_32MX370F512H.a(nvm_operation_lib.o)
 .debug_str     0x000005e5        0x0 c:/program files (x86)/microchip/xc32/v1.32/bin/bin/../../lib/gcc/pic32mx/4.5.2/../../../../pic32mx/lib\libmchp_peripheral_32MX370F512H.a(nvm_write_row_lib.o)
 .debug_str     0x000005e5        0x0 c:/program files (x86)/microchip/xc32/v1.32/bin/bin/../../lib/gcc/pic32mx/4.5.2/../../../../pic32mx/lib\libmchp_peripheral_32MX370F512H.a(int_enable_interrupts_lib.o)
 .debug_str     0x000005e5        0x0 c:/program files (x86)/microchip/xc32/v1.32/bin/bin/../../lib/gcc/pic32mx/4.5.2/../../../../pic32mx/lib\libpic32.a(default-bootstrap-exception-handler.o)
 .debug_str     0x000005e5        0x0 c:/program files (x86)/microchip/xc32/v1.32/bin/bin/../../lib/gcc/pic32mx/4.5.2/../../../../pic32mx/lib\libpic32.a(default-on-reset.o)
 .debug_str     0x000005e5        0x0 c:/program files (x86)/microchip/xc32/v1.32/bin/bin/../../lib/gcc/pic32mx/4.5.2/../../../../pic32mx/lib\libpic32.a(default-on-bootstrap.o)
 .debug_str     0x000005e5        0x0 c:/program files (x86)/microchip/xc32/v1.32/bin/bin/../../lib/gcc/pic32mx/4.5.2/../../../../pic32mx/lib\libpic32.a(default-general-exception-handler.o)
 .debug_str     0x000005e5        0x0 c:/program files (x86)/microchip/xc32/v1.32/bin/bin/../../lib/gcc/pic32mx/4.5.2/../../../../pic32mx/lib\libpic32.a(defaultinterrupt.o)

.debug_loc      0x00000000     0x1bd8
 *(.debug_loc)
 .debug_loc     0x00000000      0xc79 build/default/production/_ext/1472/graphlib2.o
 .debug_loc     0x00000c79      0x193 build/default/production/_ext/1472/rotatevideo_lcd.o
 .debug_loc     0x00000e0c      0xaf9 build/default/production/_ext/1472/veludda_lcd.o
 .debug_loc     0x00001905      0x20d build/default/production/_ext/1472/LCDdriver.o
 .debug_loc     0x00001b12       0xc6 build/default/production/_ext/1472/recscore.o

.debug_macinfo
 *(.debug_macinfo)

.debug_weaknames
 *(.debug_weaknames)

.debug_funcnames
 *(.debug_funcnames)

.debug_typenames
 *(.debug_typenames)

.debug_varnames
 *(.debug_varnames)

.debug_pubtypes
                0x00000000      0x2a6
 *(.debug_pubtypes)
 .debug_pubtypes
                0x00000000       0xf0 build/default/production/_ext/1472/rotatevideo_lcd.o
 .debug_pubtypes
                0x000000f0       0x12 build/default/production/_ext/1472/veludda_chars.o
 .debug_pubtypes
                0x00000102       0x2a build/default/production/_ext/1472/veludda_lcd.o
 .debug_pubtypes
                0x0000012c       0xbd build/default/production/_ext/1472/LCDdriver.o
 .debug_pubtypes
                0x000001e9       0xbd build/default/production/_ext/1472/recscore.o

.debug_ranges   0x00000000       0x88
 *(.debug_ranges)
 .debug_ranges  0x00000000       0x18 c:/program files (x86)/microchip/xc32/v1.32/bin/bin/../../lib/gcc/pic32mx/4.5.2/../../../../pic32mx/lib\libmchp_peripheral_32MX370F512H.a(pcache.o)
 .debug_ranges  0x00000018       0x10 c:/program files (x86)/microchip/xc32/v1.32/bin/bin/../../lib/gcc/pic32mx/4.5.2/../../../../pic32mx/lib\libmchp_peripheral_32MX370F512H.a(int_disable_interrupts_lib.o)
 .debug_ranges  0x00000028       0x10 c:/program files (x86)/microchip/xc32/v1.32/bin/bin/../../lib/gcc/pic32mx/4.5.2/../../../../pic32mx/lib\libmchp_peripheral_32MX370F512H.a(int_restore_interrupts_lib.o)
 .debug_ranges  0x00000038       0x10 c:/program files (x86)/microchip/xc32/v1.32/bin/bin/../../lib/gcc/pic32mx/4.5.2/../../../../pic32mx/lib\libmchp_peripheral_32MX370F512H.a(int_enable_mv_int_lib.o)
 .debug_ranges  0x00000048       0x10 c:/program files (x86)/microchip/xc32/v1.32/bin/bin/../../lib/gcc/pic32mx/4.5.2/../../../../pic32mx/lib\libmchp_peripheral_32MX370F512H.a(nvm_erase_page_lib.o)
 .debug_ranges  0x00000058       0x10 c:/program files (x86)/microchip/xc32/v1.32/bin/bin/../../lib/gcc/pic32mx/4.5.2/../../../../pic32mx/lib\libmchp_peripheral_32MX370F512H.a(nvm_operation_lib.o)
 .debug_ranges  0x00000068       0x10 c:/program files (x86)/microchip/xc32/v1.32/bin/bin/../../lib/gcc/pic32mx/4.5.2/../../../../pic32mx/lib\libmchp_peripheral_32MX370F512H.a(nvm_write_row_lib.o)
 .debug_ranges  0x00000078       0x10 c:/program files (x86)/microchip/xc32/v1.32/bin/bin/../../lib/gcc/pic32mx/4.5.2/../../../../pic32mx/lib\libmchp_peripheral_32MX370F512H.a(int_enable_interrupts_lib.o)

.gnu.attributes
                0x00000000       0x10
 *(.gnu.attributes)
 .gnu.attributes
                0x00000000       0x10 build/default/production/_ext/1472/graphlib2.o
 .gnu.attributes
                0x00000010       0x10 build/default/production/_ext/1472/musicdata.o
 .gnu.attributes
                0x00000020       0x10 build/default/production/_ext/1472/rotatevideo_lcd.o
 .gnu.attributes
                0x00000030       0x10 build/default/production/_ext/1472/veludda_chars.o
 .gnu.attributes
                0x00000040       0x10 build/default/production/_ext/1472/veludda_lcd.o
 .gnu.attributes
                0x00000050       0x10 build/default/production/_ext/1472/LCDdriver.o
 .gnu.attributes
                0x00000060       0x10 build/default/production/_ext/1472/recscore.o
 .gnu.attributes
                0x00000070       0x10 c:/program files (x86)/microchip/xc32/v1.32/bin/bin/../../lib/gcc/pic32mx/4.5.2/../../../../pic32mx/lib\libmchp_peripheral_32MX370F512H.a(pcache.o)
 .gnu.attributes
                0x00000080       0x10 c:/program files (x86)/microchip/xc32/v1.32/bin/bin/../../lib/gcc/pic32mx/4.5.2/../../../../pic32mx/lib\libmchp_peripheral_32MX370F512H.a(int_disable_interrupts_lib.o)
 .gnu.attributes
                0x00000090       0x10 c:/program files (x86)/microchip/xc32/v1.32/bin/bin/../../lib/gcc/pic32mx/4.5.2/../../../../pic32mx/lib\libmchp_peripheral_32MX370F512H.a(int_restore_interrupts_lib.o)
 .gnu.attributes
                0x000000a0       0x10 c:/program files (x86)/microchip/xc32/v1.32/bin/bin/../../lib/gcc/pic32mx/4.5.2/../../../../pic32mx/lib\libmchp_peripheral_32MX370F512H.a(int_enable_mv_int_lib.o)
 .gnu.attributes
                0x000000b0       0x10 c:/program files (x86)/microchip/xc32/v1.32/bin/bin/../../lib/gcc/pic32mx/4.5.2/../../../../pic32mx/lib\libmchp_peripheral_32MX370F512H.a(nvm_erase_page_lib.o)
 .gnu.attributes
                0x000000c0       0x10 c:/program files (x86)/microchip/xc32/v1.32/bin/bin/../../lib/gcc/pic32mx/4.5.2/../../../../pic32mx/lib\libmchp_peripheral_32MX370F512H.a(nvm_operation_lib.o)
 .gnu.attributes
                0x000000d0       0x10 c:/program files (x86)/microchip/xc32/v1.32/bin/bin/../../lib/gcc/pic32mx/4.5.2/../../../../pic32mx/lib\libmchp_peripheral_32MX370F512H.a(nvm_write_row_lib.o)
 .gnu.attributes
                0x000000e0       0x10 c:/program files (x86)/microchip/xc32/v1.32/bin/bin/../../lib/gcc/pic32mx/4.5.2/../../../../pic32mx/lib\libmchp_peripheral_32MX370F512H.a(int_enable_interrupts_lib.o)
 .gnu.attributes
                0x000000f0       0x10 c:/program files (x86)/microchip/xc32/v1.32/bin/bin/../../lib/gcc/pic32mx/4.5.2/../../../../pic32mx/lib\libpic32.a(default-bootstrap-exception-handler.o)
 .gnu.attributes
                0x00000100       0x10 c:/program files (x86)/microchip/xc32/v1.32/bin/bin/../../lib/gcc/pic32mx/4.5.2/../../../../pic32mx/lib\libpic32.a(default-on-reset.o)
 .gnu.attributes
                0x00000110       0x10 c:/program files (x86)/microchip/xc32/v1.32/bin/bin/../../lib/gcc/pic32mx/4.5.2/../../../../pic32mx/lib\libpic32.a(default-on-bootstrap.o)
 .gnu.attributes
                0x00000120       0x10 c:/program files (x86)/microchip/xc32/v1.32/bin/bin/../../lib/gcc/pic32mx/4.5.2/../../../../pic32mx/lib\libpic32.a(default-general-exception-handler.o)
 .gnu.attributes
                0x00000130       0x10 c:/program files (x86)/microchip/xc32/v1.32/bin/bin/../../lib/gcc/pic32mx/4.5.2/../../../../pic32mx/lib\libpic32.a(defaultinterrupt.o)
LOAD c:/program files (x86)/microchip/xc32/v1.32/bin/bin/../../lib/gcc/pic32mx/4.5.2/../../../../pic32mx/lib/./proc/32MX370F512H\default_isr_vectors.o
LOAD c:/program files (x86)/microchip/xc32/v1.32/bin/bin/../../lib/gcc/pic32mx/4.5.2/../../../../pic32mx/lib\pic32_software_reset.o
LOAD c:/program files (x86)/microchip/xc32/v1.32/bin/bin/../../lib/gcc/pic32mx/4.5.2\libgcc.a
START GROUP
LOAD c:/program files (x86)/microchip/xc32/v1.32/bin/bin/../../lib/gcc/pic32mx/4.5.2/../../../../pic32mx/lib\libpic32.a
LOAD c:/program files (x86)/microchip/xc32/v1.32/bin/bin/../../lib/gcc/pic32mx/4.5.2/../../../../pic32mx/lib\libdebug.a
LOAD c:/program files (x86)/microchip/xc32/v1.32/bin/bin/../../lib/gcc/pic32mx/4.5.2/../../../../pic32mx/lib\libpic32.a
LOAD c:/program files (x86)/microchip/xc32/v1.32/bin/bin/../../lib/gcc/pic32mx/4.5.2/../../../../pic32mx/lib\libm.a
LOAD c:/program files (x86)/microchip/xc32/v1.32/bin/bin/../../lib/gcc/pic32mx/4.5.2/../../../../pic32mx/lib\libe.a
LOAD c:/program files (x86)/microchip/xc32/v1.32/bin/bin/../../lib/gcc/pic32mx/4.5.2/../../../../pic32mx/lib\libdsp.a
LOAD c:/program files (x86)/microchip/xc32/v1.32/bin/bin/../../lib/gcc/pic32mx/4.5.2\libgcc.a
LOAD c:/program files (x86)/microchip/xc32/v1.32/bin/bin/../../lib/gcc/pic32mx/4.5.2/../../../../pic32mx/lib\libc.a
LOAD c:/program files (x86)/microchip/xc32/v1.32/bin/bin/../../lib/gcc/pic32mx/4.5.2/../../../../pic32mx/lib\libpic32.a
END GROUP
LOAD c:/program files (x86)/microchip/xc32/v1.32/bin/bin/../../lib/gcc/pic32mx/4.5.2\libgcc.a
OUTPUT(dist/default/production/veludda_lcd.X.production.elf elf32-tradlittlemips)
LOAD stack
LOAD data_init

.reginfo        0x00000000       0x18
 .reginfo       0x00000000       0x18 c:/program files (x86)/microchip/xc32/v1.32/bin/bin/../../lib/gcc/pic32mx/4.5.2/../../../../pic32mx/lib/./proc/32MX370F512H/crt0_mips32r2.o

.stack          0xa0013200      0x400
 .stack         0xa0013200      0x400 stack

.data           0xa00131b0       0x24
 .data          0xa00131b0       0x24 build/default/production/_ext/1472/veludda_lcd.o
                0xa00131b0                enemyname
                0xa00131c8                musictable

.bss%z1         0x00000000        0x0
 .bss           0x00000000        0x0 c:/program files (x86)/microchip/xc32/v1.32/bin/bin/../../lib/gcc/pic32mx/4.5.2/../../../../pic32mx/lib\libpic32.a(defaultinterrupt.o)

.data%z2        0x00000000        0x0
 .data          0x00000000        0x0 c:/program files (x86)/microchip/xc32/v1.32/bin/bin/../../lib/gcc/pic32mx/4.5.2/../../../../pic32mx/lib\libpic32.a(defaultinterrupt.o)

.bss%z3         0x00000000        0x0
 .bss           0x00000000        0x0 c:/program files (x86)/microchip/xc32/v1.32/bin/bin/../../lib/gcc/pic32mx/4.5.2/../../../../pic32mx/lib\libpic32.a(default-general-exception-handler.o)

.data%z4        0x00000000        0x0
 .data          0x00000000        0x0 c:/program files (x86)/microchip/xc32/v1.32/bin/bin/../../lib/gcc/pic32mx/4.5.2/../../../../pic32mx/lib\libpic32.a(default-general-exception-handler.o)

.bss%z5         0x00000000        0x0
 .bss           0x00000000        0x0 c:/program files (x86)/microchip/xc32/v1.32/bin/bin/../../lib/gcc/pic32mx/4.5.2/../../../../pic32mx/lib\libpic32.a(vector63.o)

.data%z6        0x00000000        0x0
 .data          0x00000000        0x0 c:/program files (x86)/microchip/xc32/v1.32/bin/bin/../../lib/gcc/pic32mx/4.5.2/../../../../pic32mx/lib\libpic32.a(vector63.o)

.bss%z7         0x00000000        0x0
 .bss           0x00000000        0x0 c:/program files (x86)/microchip/xc32/v1.32/bin/bin/../../lib/gcc/pic32mx/4.5.2/../../../../pic32mx/lib\libpic32.a(vector62.o)

.data%z8        0x00000000        0x0
 .data          0x00000000        0x0 c:/program files (x86)/microchip/xc32/v1.32/bin/bin/../../lib/gcc/pic32mx/4.5.2/../../../../pic32mx/lib\libpic32.a(vector62.o)

.bss%z9         0x00000000        0x0
 .bss           0x00000000        0x0 c:/program files (x86)/microchip/xc32/v1.32/bin/bin/../../lib/gcc/pic32mx/4.5.2/../../../../pic32mx/lib\libpic32.a(vector61.o)

.data%z10       0x00000000        0x0
 .data          0x00000000        0x0 c:/program files (x86)/microchip/xc32/v1.32/bin/bin/../../lib/gcc/pic32mx/4.5.2/../../../../pic32mx/lib\libpic32.a(vector61.o)

.bss%z11        0x00000000        0x0
 .bss           0x00000000        0x0 c:/program files (x86)/microchip/xc32/v1.32/bin/bin/../../lib/gcc/pic32mx/4.5.2/../../../../pic32mx/lib\libpic32.a(vector60.o)

.data%z12       0x00000000        0x0
 .data          0x00000000        0x0 c:/program files (x86)/microchip/xc32/v1.32/bin/bin/../../lib/gcc/pic32mx/4.5.2/../../../../pic32mx/lib\libpic32.a(vector60.o)

.bss%z13        0x00000000        0x0
 .bss           0x00000000        0x0 c:/program files (x86)/microchip/xc32/v1.32/bin/bin/../../lib/gcc/pic32mx/4.5.2/../../../../pic32mx/lib\libpic32.a(vector59.o)

.data%z14       0x00000000        0x0
 .data          0x00000000        0x0 c:/program files (x86)/microchip/xc32/v1.32/bin/bin/../../lib/gcc/pic32mx/4.5.2/../../../../pic32mx/lib\libpic32.a(vector59.o)

.bss%z15        0x00000000        0x0
 .bss           0x00000000        0x0 c:/program files (x86)/microchip/xc32/v1.32/bin/bin/../../lib/gcc/pic32mx/4.5.2/../../../../pic32mx/lib\libpic32.a(vector58.o)

.data%z16       0x00000000        0x0
 .data          0x00000000        0x0 c:/program files (x86)/microchip/xc32/v1.32/bin/bin/../../lib/gcc/pic32mx/4.5.2/../../../../pic32mx/lib\libpic32.a(vector58.o)

.bss%z17        0x00000000        0x0
 .bss           0x00000000        0x0 c:/program files (x86)/microchip/xc32/v1.32/bin/bin/../../lib/gcc/pic32mx/4.5.2/../../../../pic32mx/lib\libpic32.a(vector57.o)

.data%z18       0x00000000        0x0
 .data          0x00000000        0x0 c:/program files (x86)/microchip/xc32/v1.32/bin/bin/../../lib/gcc/pic32mx/4.5.2/../../../../pic32mx/lib\libpic32.a(vector57.o)

.bss%z19        0x00000000        0x0
 .bss           0x00000000        0x0 c:/program files (x86)/microchip/xc32/v1.32/bin/bin/../../lib/gcc/pic32mx/4.5.2/../../../../pic32mx/lib\libpic32.a(vector56.o)

.data%z20       0x00000000        0x0
 .data          0x00000000        0x0 c:/program files (x86)/microchip/xc32/v1.32/bin/bin/../../lib/gcc/pic32mx/4.5.2/../../../../pic32mx/lib\libpic32.a(vector56.o)

.bss%z21        0x00000000        0x0
 .bss           0x00000000        0x0 c:/program files (x86)/microchip/xc32/v1.32/bin/bin/../../lib/gcc/pic32mx/4.5.2/../../../../pic32mx/lib\libpic32.a(vector55.o)

.data%z22       0x00000000        0x0
 .data          0x00000000        0x0 c:/program files (x86)/microchip/xc32/v1.32/bin/bin/../../lib/gcc/pic32mx/4.5.2/../../../../pic32mx/lib\libpic32.a(vector55.o)

.bss%z23        0x00000000        0x0
 .bss           0x00000000        0x0 c:/program files (x86)/microchip/xc32/v1.32/bin/bin/../../lib/gcc/pic32mx/4.5.2/../../../../pic32mx/lib\libpic32.a(vector54.o)

.data%z24       0x00000000        0x0
 .data          0x00000000        0x0 c:/program files (x86)/microchip/xc32/v1.32/bin/bin/../../lib/gcc/pic32mx/4.5.2/../../../../pic32mx/lib\libpic32.a(vector54.o)

.bss%z25        0x00000000        0x0
 .bss           0x00000000        0x0 c:/program files (x86)/microchip/xc32/v1.32/bin/bin/../../lib/gcc/pic32mx/4.5.2/../../../../pic32mx/lib\libpic32.a(vector53.o)

.data%z26       0x00000000        0x0
 .data          0x00000000        0x0 c:/program files (x86)/microchip/xc32/v1.32/bin/bin/../../lib/gcc/pic32mx/4.5.2/../../../../pic32mx/lib\libpic32.a(vector53.o)

.bss%z27        0x00000000        0x0
 .bss           0x00000000        0x0 c:/program files (x86)/microchip/xc32/v1.32/bin/bin/../../lib/gcc/pic32mx/4.5.2/../../../../pic32mx/lib\libpic32.a(vector52.o)

.data%z28       0x00000000        0x0
 .data          0x00000000        0x0 c:/program files (x86)/microchip/xc32/v1.32/bin/bin/../../lib/gcc/pic32mx/4.5.2/../../../../pic32mx/lib\libpic32.a(vector52.o)

.bss%z29        0x00000000        0x0
 .bss           0x00000000        0x0 c:/program files (x86)/microchip/xc32/v1.32/bin/bin/../../lib/gcc/pic32mx/4.5.2/../../../../pic32mx/lib\libpic32.a(vector51.o)

.data%z30       0x00000000        0x0
 .data          0x00000000        0x0 c:/program files (x86)/microchip/xc32/v1.32/bin/bin/../../lib/gcc/pic32mx/4.5.2/../../../../pic32mx/lib\libpic32.a(vector51.o)

.bss%z31        0x00000000        0x0
 .bss           0x00000000        0x0 c:/program files (x86)/microchip/xc32/v1.32/bin/bin/../../lib/gcc/pic32mx/4.5.2/../../../../pic32mx/lib\libpic32.a(vector50.o)

.data%z32       0x00000000        0x0
 .data          0x00000000        0x0 c:/program files (x86)/microchip/xc32/v1.32/bin/bin/../../lib/gcc/pic32mx/4.5.2/../../../../pic32mx/lib\libpic32.a(vector50.o)

.bss%z33        0x00000000        0x0
 .bss           0x00000000        0x0 c:/program files (x86)/microchip/xc32/v1.32/bin/bin/../../lib/gcc/pic32mx/4.5.2/../../../../pic32mx/lib\libpic32.a(vector49.o)

.data%z34       0x00000000        0x0
 .data          0x00000000        0x0 c:/program files (x86)/microchip/xc32/v1.32/bin/bin/../../lib/gcc/pic32mx/4.5.2/../../../../pic32mx/lib\libpic32.a(vector49.o)

.bss%z35        0x00000000        0x0
 .bss           0x00000000        0x0 c:/program files (x86)/microchip/xc32/v1.32/bin/bin/../../lib/gcc/pic32mx/4.5.2/../../../../pic32mx/lib\libpic32.a(vector48.o)

.data%z36       0x00000000        0x0
 .data          0x00000000        0x0 c:/program files (x86)/microchip/xc32/v1.32/bin/bin/../../lib/gcc/pic32mx/4.5.2/../../../../pic32mx/lib\libpic32.a(vector48.o)

.bss%z37        0x00000000        0x0
 .bss           0x00000000        0x0 c:/program files (x86)/microchip/xc32/v1.32/bin/bin/../../lib/gcc/pic32mx/4.5.2/../../../../pic32mx/lib\libpic32.a(vector47.o)

.data%z38       0x00000000        0x0
 .data          0x00000000        0x0 c:/program files (x86)/microchip/xc32/v1.32/bin/bin/../../lib/gcc/pic32mx/4.5.2/../../../../pic32mx/lib\libpic32.a(vector47.o)

.bss%z39        0x00000000        0x0
 .bss           0x00000000        0x0 c:/program files (x86)/microchip/xc32/v1.32/bin/bin/../../lib/gcc/pic32mx/4.5.2/../../../../pic32mx/lib\libpic32.a(vector46.o)

.data%z40       0x00000000        0x0
 .data          0x00000000        0x0 c:/program files (x86)/microchip/xc32/v1.32/bin/bin/../../lib/gcc/pic32mx/4.5.2/../../../../pic32mx/lib\libpic32.a(vector46.o)

.bss%z41        0x00000000        0x0
 .bss           0x00000000        0x0 c:/program files (x86)/microchip/xc32/v1.32/bin/bin/../../lib/gcc/pic32mx/4.5.2/../../../../pic32mx/lib\libpic32.a(vector45.o)

.data%z42       0x00000000        0x0
 .data          0x00000000        0x0 c:/program files (x86)/microchip/xc32/v1.32/bin/bin/../../lib/gcc/pic32mx/4.5.2/../../../../pic32mx/lib\libpic32.a(vector45.o)

.bss%z43        0x00000000        0x0
 .bss           0x00000000        0x0 c:/program files (x86)/microchip/xc32/v1.32/bin/bin/../../lib/gcc/pic32mx/4.5.2/../../../../pic32mx/lib\libpic32.a(vector44.o)

.data%z44       0x00000000        0x0
 .data          0x00000000        0x0 c:/program files (x86)/microchip/xc32/v1.32/bin/bin/../../lib/gcc/pic32mx/4.5.2/../../../../pic32mx/lib\libpic32.a(vector44.o)

.bss%z45        0x00000000        0x0
 .bss           0x00000000        0x0 c:/program files (x86)/microchip/xc32/v1.32/bin/bin/../../lib/gcc/pic32mx/4.5.2/../../../../pic32mx/lib\libpic32.a(vector43.o)

.data%z46       0x00000000        0x0
 .data          0x00000000        0x0 c:/program files (x86)/microchip/xc32/v1.32/bin/bin/../../lib/gcc/pic32mx/4.5.2/../../../../pic32mx/lib\libpic32.a(vector43.o)

.bss%z47        0x00000000        0x0
 .bss           0x00000000        0x0 c:/program files (x86)/microchip/xc32/v1.32/bin/bin/../../lib/gcc/pic32mx/4.5.2/../../../../pic32mx/lib\libpic32.a(vector42.o)

.data%z48       0x00000000        0x0
 .data          0x00000000        0x0 c:/program files (x86)/microchip/xc32/v1.32/bin/bin/../../lib/gcc/pic32mx/4.5.2/../../../../pic32mx/lib\libpic32.a(vector42.o)

.bss%z49        0x00000000        0x0
 .bss           0x00000000        0x0 c:/program files (x86)/microchip/xc32/v1.32/bin/bin/../../lib/gcc/pic32mx/4.5.2/../../../../pic32mx/lib\libpic32.a(vector41.o)

.data%z50       0x00000000        0x0
 .data          0x00000000        0x0 c:/program files (x86)/microchip/xc32/v1.32/bin/bin/../../lib/gcc/pic32mx/4.5.2/../../../../pic32mx/lib\libpic32.a(vector41.o)

.bss%z51        0x00000000        0x0
 .bss           0x00000000        0x0 c:/program files (x86)/microchip/xc32/v1.32/bin/bin/../../lib/gcc/pic32mx/4.5.2/../../../../pic32mx/lib\libpic32.a(vector40.o)

.data%z52       0x00000000        0x0
 .data          0x00000000        0x0 c:/program files (x86)/microchip/xc32/v1.32/bin/bin/../../lib/gcc/pic32mx/4.5.2/../../../../pic32mx/lib\libpic32.a(vector40.o)

.bss%z53        0x00000000        0x0
 .bss           0x00000000        0x0 c:/program files (x86)/microchip/xc32/v1.32/bin/bin/../../lib/gcc/pic32mx/4.5.2/../../../../pic32mx/lib\libpic32.a(vector39.o)

.data%z54       0x00000000        0x0
 .data          0x00000000        0x0 c:/program files (x86)/microchip/xc32/v1.32/bin/bin/../../lib/gcc/pic32mx/4.5.2/../../../../pic32mx/lib\libpic32.a(vector39.o)

.bss%z55        0x00000000        0x0
 .bss           0x00000000        0x0 c:/program files (x86)/microchip/xc32/v1.32/bin/bin/../../lib/gcc/pic32mx/4.5.2/../../../../pic32mx/lib\libpic32.a(vector38.o)

.data%z56       0x00000000        0x0
 .data          0x00000000        0x0 c:/program files (x86)/microchip/xc32/v1.32/bin/bin/../../lib/gcc/pic32mx/4.5.2/../../../../pic32mx/lib\libpic32.a(vector38.o)

.bss%z57        0x00000000        0x0
 .bss           0x00000000        0x0 c:/program files (x86)/microchip/xc32/v1.32/bin/bin/../../lib/gcc/pic32mx/4.5.2/../../../../pic32mx/lib\libpic32.a(vector37.o)

.data%z58       0x00000000        0x0
 .data          0x00000000        0x0 c:/program files (x86)/microchip/xc32/v1.32/bin/bin/../../lib/gcc/pic32mx/4.5.2/../../../../pic32mx/lib\libpic32.a(vector37.o)

.bss%z59        0x00000000        0x0
 .bss           0x00000000        0x0 c:/program files (x86)/microchip/xc32/v1.32/bin/bin/../../lib/gcc/pic32mx/4.5.2/../../../../pic32mx/lib\libpic32.a(vector36.o)

.data%z60       0x00000000        0x0
 .data          0x00000000        0x0 c:/program files (x86)/microchip/xc32/v1.32/bin/bin/../../lib/gcc/pic32mx/4.5.2/../../../../pic32mx/lib\libpic32.a(vector36.o)

.bss%z61        0x00000000        0x0
 .bss           0x00000000        0x0 c:/program files (x86)/microchip/xc32/v1.32/bin/bin/../../lib/gcc/pic32mx/4.5.2/../../../../pic32mx/lib\libpic32.a(vector35.o)

.data%z62       0x00000000        0x0
 .data          0x00000000        0x0 c:/program files (x86)/microchip/xc32/v1.32/bin/bin/../../lib/gcc/pic32mx/4.5.2/../../../../pic32mx/lib\libpic32.a(vector35.o)

.bss%z63        0x00000000        0x0
 .bss           0x00000000        0x0 c:/program files (x86)/microchip/xc32/v1.32/bin/bin/../../lib/gcc/pic32mx/4.5.2/../../../../pic32mx/lib\libpic32.a(vector34.o)

.data%z64       0x00000000        0x0
 .data          0x00000000        0x0 c:/program files (x86)/microchip/xc32/v1.32/bin/bin/../../lib/gcc/pic32mx/4.5.2/../../../../pic32mx/lib\libpic32.a(vector34.o)

.bss%z65        0x00000000        0x0
 .bss           0x00000000        0x0 c:/program files (x86)/microchip/xc32/v1.32/bin/bin/../../lib/gcc/pic32mx/4.5.2/../../../../pic32mx/lib\libpic32.a(vector33.o)

.data%z66       0x00000000        0x0
 .data          0x00000000        0x0 c:/program files (x86)/microchip/xc32/v1.32/bin/bin/../../lib/gcc/pic32mx/4.5.2/../../../../pic32mx/lib\libpic32.a(vector33.o)

.bss%z67        0x00000000        0x0
 .bss           0x00000000        0x0 c:/program files (x86)/microchip/xc32/v1.32/bin/bin/../../lib/gcc/pic32mx/4.5.2/../../../../pic32mx/lib\libpic32.a(vector32.o)

.data%z68       0x00000000        0x0
 .data          0x00000000        0x0 c:/program files (x86)/microchip/xc32/v1.32/bin/bin/../../lib/gcc/pic32mx/4.5.2/../../../../pic32mx/lib\libpic32.a(vector32.o)

.bss%z69        0x00000000        0x0
 .bss           0x00000000        0x0 c:/program files (x86)/microchip/xc32/v1.32/bin/bin/../../lib/gcc/pic32mx/4.5.2/../../../../pic32mx/lib\libpic32.a(vector31.o)

.data%z70       0x00000000        0x0
 .data          0x00000000        0x0 c:/program files (x86)/microchip/xc32/v1.32/bin/bin/../../lib/gcc/pic32mx/4.5.2/../../../../pic32mx/lib\libpic32.a(vector31.o)

.bss%z71        0x00000000        0x0
 .bss           0x00000000        0x0 c:/program files (x86)/microchip/xc32/v1.32/bin/bin/../../lib/gcc/pic32mx/4.5.2/../../../../pic32mx/lib\libpic32.a(vector30.o)

.data%z72       0x00000000        0x0
 .data          0x00000000        0x0 c:/program files (x86)/microchip/xc32/v1.32/bin/bin/../../lib/gcc/pic32mx/4.5.2/../../../../pic32mx/lib\libpic32.a(vector30.o)

.bss%z73        0x00000000        0x0
 .bss           0x00000000        0x0 c:/program files (x86)/microchip/xc32/v1.32/bin/bin/../../lib/gcc/pic32mx/4.5.2/../../../../pic32mx/lib\libpic32.a(vector29.o)

.data%z74       0x00000000        0x0
 .data          0x00000000        0x0 c:/program files (x86)/microchip/xc32/v1.32/bin/bin/../../lib/gcc/pic32mx/4.5.2/../../../../pic32mx/lib\libpic32.a(vector29.o)

.bss%z75        0x00000000        0x0